Component: Arm Compiler for Embedded 6.21 Tool: armlink [5ec1fa00]

==============================================================================

Section Cross References

    main.o(.text.main) refers to misc.o(.text.NVIC_PriorityGroupConfig) for NVIC_PriorityGroupConfig
    main.o(.text.main) refers to main.o(.bss.LED_PB6) for LED_PB6
    main.o(.text.main) refers to drive_led.o(.text.Drv_LED_Init) for Drv_LED_Init
    main.o(.text.main) refers to main.o(.bss.LED_PB15) for LED_PB15
    main.o(.text.main) refers to main.o(.bss.KEY_PA4) for KEY_PA4
    main.o(.text.main) refers to drive_key.o(.text.Drv_Key_Init) for Drv_Key_Init
    main.o(.text.main) refers to main.o(.bss.KEY_PA5) for KEY_PA5
    main.o(.text.main) refers to utility_tim.o(.text.TIM_Init) for TIM_Init
    main.o(.text.main) refers to utility_tim.o(.text.TIM_NVIC_Init) for TIM_NVIC_Init
    main.o(.text.main) refers to utility_usart.o(.text.Serial_Init) for Serial_Init
    main.o(.text.main) refers to main.o(.bss.uartQueue) for uartQueue
    main.o(.text.main) refers to main.o(.bss.uartBuffer) for uartBuffer
    main.o(.text.main) refers to utility_queue.o(.text.Queue_Init) for Queue_Init
    main.o(.text.main) refers to main.o(.bss.len) for len
    main.o(.text.main) refers to main.o(.data.data) for data
    main.o(.text.main) refers to main.o(.data.tail) for tail
    main.o(.text.main) refers to main.o(.bss.led_freq_change) for led_freq_change
    main.o(.text.main) refers to main.o(.bss.element) for element
    main.o(.text.main) refers to utility_usart.o(.text.Vofa_Wave_Print) for Vofa_Wave_Print
    main.o(.text.main) refers to utility_usart.o(.text.Serial_SendArray) for Serial_SendArray
    main.o(.text.main) refers to utility_delay.o(.text.Delay_ms) for Delay_ms
    main.o(.text.main) refers to utility_usart.o(.text.Serial_GetRxFlag) for Serial_GetRxFlag
    main.o(.text.main) refers to utility_queue.o(.text.Queue_Dequeue) for Queue_Dequeue
    main.o(.text.main) refers to utility_usart.o(.text.Protocol_Rcv) for Protocol_Rcv
    main.o(.text.main) refers to stm32f10x_tim.o(.text.TIM_SetAutoreload) for TIM_SetAutoreload
    main.o(.ARM.exidx.text.main) refers to main.o(.text.main) for [Anonymous Symbol]
    main.o(.text.USART1_IRQHandler) refers to stm32f10x_usart.o(.text.USART_GetITStatus) for USART_GetITStatus
    main.o(.text.USART1_IRQHandler) refers to stm32f10x_usart.o(.text.USART_ReceiveData) for USART_ReceiveData
    main.o(.text.USART1_IRQHandler) refers to utility_usart.o(.bss.Serial_RxData) for Serial_RxData
    main.o(.text.USART1_IRQHandler) refers to utility_usart.o(.bss.Serial_RxFlag) for Serial_RxFlag
    main.o(.text.USART1_IRQHandler) refers to main.o(.bss.uartQueue) for uartQueue
    main.o(.text.USART1_IRQHandler) refers to utility_queue.o(.text.Queue_Enqueue) for Queue_Enqueue
    main.o(.text.USART1_IRQHandler) refers to stm32f10x_usart.o(.text.USART_ClearITPendingBit) for USART_ClearITPendingBit
    main.o(.ARM.exidx.text.USART1_IRQHandler) refers to main.o(.text.USART1_IRQHandler) for [Anonymous Symbol]
    main.o(.text.TIM2_IRQHandler) refers to stm32f10x_tim.o(.text.TIM_GetITStatus) for TIM_GetITStatus
    main.o(.text.TIM2_IRQHandler) refers to stm32f10x_tim.o(.text.TIM_ClearITPendingBit) for TIM_ClearITPendingBit
    main.o(.text.TIM2_IRQHandler) refers to main.o(.bss.tim2) for tim2
    main.o(.text.TIM2_IRQHandler) refers to main.o(.bss.LED_PB6) for LED_PB6
    main.o(.text.TIM2_IRQHandler) refers to drive_led.o(.text.Drv_LED_Toggle) for Drv_LED_Toggle
    main.o(.ARM.exidx.text.TIM2_IRQHandler) refers to main.o(.text.TIM2_IRQHandler) for [Anonymous Symbol]
    drive_key.o(.text.Drv_Key_Init) refers to utility_gpio.o(.text.Util_GPIO_Create) for Util_GPIO_Create
    drive_key.o(.ARM.exidx.text.Drv_Key_Init) refers to drive_key.o(.text.Drv_Key_Init) for [Anonymous Symbol]
    drive_key.o(.text.Drv_Key_Get_State) refers to utility_gpio.o(.text.Util_GPIO_Input) for Util_GPIO_Input
    drive_key.o(.ARM.exidx.text.Drv_Key_Get_State) refers to drive_key.o(.text.Drv_Key_Get_State) for [Anonymous Symbol]
    drive_key.o(.ARM.exidx.text.Drv_Key_Proc) refers to drive_key.o(.text.Drv_Key_Proc) for [Anonymous Symbol]
    drive_led.o(.text.Drv_LED_Init) refers to utility_gpio.o(.text.Util_GPIO_Create) for Util_GPIO_Create
    drive_led.o(.ARM.exidx.text.Drv_LED_Init) refers to drive_led.o(.text.Drv_LED_Init) for [Anonymous Symbol]
    drive_led.o(.text.Drv_LED_Proc) refers to utility_gpio.o(.text.Util_GPIO_Output) for Util_GPIO_Output
    drive_led.o(.ARM.exidx.text.Drv_LED_Proc) refers to drive_led.o(.text.Drv_LED_Proc) for [Anonymous Symbol]
    drive_led.o(.text.Drv_LED_Toggle) refers to utility_gpio.o(.text.Util_GPIO_Toggle) for Util_GPIO_Toggle
    drive_led.o(.ARM.exidx.text.Drv_LED_Toggle) refers to drive_led.o(.text.Drv_LED_Toggle) for [Anonymous Symbol]
    drive_servo.o(.text.Drv_Servo_Init) refers to stm32f10x_rcc.o(.text.RCC_APB2PeriphClockCmd) for RCC_APB2PeriphClockCmd
[...]
    printf6.o(i.__0vprintf$6) refers to printf6.o(i._printf_core) for _printf_core
    printf6.o(i.__0vprintf$6) refers to utility_usart.o(.text.fputc) for fputc
    printf6.o(i.__0vprintf$6) refers to stdout.o(.data) for __stdout
    printf6.o(i.__0vsnprintf$6) refers to printf6.o(i._printf_core) for _printf_core
    printf6.o(i.__0vsnprintf$6) refers to printf6.o(i._snputc) for _snputc
    printf6.o(i.__0vsprintf$6) refers to printf6.o(i._printf_core) for _printf_core
    printf6.o(i.__0vsprintf$6) refers to printf6.o(i._sputc) for _sputc
    printf6.o(i._printf_core) refers to printf6.o(i._printf_pre_padding) for _printf_pre_padding
    printf6.o(i._printf_core) refers to uidiv.o(.text) for __aeabi_uidivmod
    printf6.o(i._printf_core) refers to printf6.o(i._printf_post_padding) for _printf_post_padding
    printf7.o(i.__0fprintf$7) refers to printf7.o(i._printf_core) for _printf_core
    printf7.o(i.__0fprintf$7) refers to utility_usart.o(.text.fputc) for fputc
    printf7.o(i.__0printf$7) refers to printf7.o(i._printf_core) for _printf_core
    printf7.o(i.__0printf$7) refers to utility_usart.o(.text.fputc) for fputc
    printf7.o(i.__0printf$7) refers to stdout.o(.data) for __stdout
    printf7.o(i.__0snprintf$7) refers to printf7.o(i._printf_core) for _printf_core
    printf7.o(i.__0snprintf$7) refers to printf7.o(i._snputc) for _snputc
    printf7.o(i.__0sprintf$7) refers to printf7.o(i._printf_core) for _printf_core
    printf7.o(i.__0sprintf$7) refers to printf7.o(i._sputc) for _sputc
    printf7.o(i.__0vfprintf$7) refers to printf7.o(i._printf_core) for _printf_core
    printf7.o(i.__0vfprintf$7) refers to utility_usart.o(.text.fputc) for fputc
    printf7.o(i.__0vprintf$7) refers to printf7.o(i._printf_core) for _printf_core
    printf7.o(i.__0vprintf$7) refers to utility_usart.o(.text.fputc) for fputc
    printf7.o(i.__0vprintf$7) refers to stdout.o(.data) for __stdout
    printf7.o(i.__0vsnprintf$7) refers to printf7.o(i._printf_core) for _printf_core
    printf7.o(i.__0vsnprintf$7) refers to printf7.o(i._snputc) for _snputc
    printf7.o(i.__0vsprintf$7) refers to printf7.o(i._printf_core) for _printf_core
    printf7.o(i.__0vsprintf$7) refers to printf7.o(i._sputc) for _sputc
    printf7.o(i._printf_core) refers to printf7.o(i._printf_pre_padding) for _printf_pre_padding
    printf7.o(i._printf_core) refers to uldiv.o(.text) for __aeabi_uldivmod
    printf7.o(i._printf_core) refers to printf7.o(i._printf_post_padding) for _printf_post_padding
    printf8.o(i.__0fprintf$8) refers to printf8.o(i._printf_core) for _printf_core
    printf8.o(i.__0fprintf$8) refers to utility_usart.o(.text.fputc) for fputc
    printf8.o(i.__0printf$8) refers to printf8.o(i._printf_core) for _printf_core
    printf8.o(i.__0printf$8) refers to utility_usart.o(.text.fputc) for fputc
    printf8.o(i.__0printf$8) refers to stdout.o(.data) for __stdout
    printf8.o(i.__0snprintf$8) refers to printf8.o(i._printf_core) for _printf_core
    printf8.o(i.__0snprintf$8) refers to printf8.o(i._snputc) for _snputc
    printf8.o(i.__0sprintf$8) refers to printf8.o(i._printf_core) for _printf_core
    printf8.o(i.__0sprintf$8) refers to printf8.o(i._sputc) for _sputc
    printf8.o(i.__0vfprintf$8) refers to printf8.o(i._printf_core) for _printf_core
    printf8.o(i.__0vfprintf$8) refers to utility_usart.o(.text.fputc) for fputc
    printf8.o(i.__0vprintf$8) refers to printf8.o(i._printf_core) for _printf_core
    printf8.o(i.__0vprintf$8) refers to utility_usart.o(.text.fputc) for fputc
    printf8.o(i.__0vprintf$8) refers to stdout.o(.data) for __stdout
    printf8.o(i.__0vsnprintf$8) refers to printf8.o(i._printf_core) for _printf_core
    printf8.o(i.__0vsnprintf$8) refers to printf8.o(i._snputc) for _snputc
    printf8.o(i.__0vsprintf$8) refers to printf8.o(i._printf_core) for _printf_core
    printf8.o(i.__0vsprintf$8) refers to printf8.o(i._sputc) for _sputc
    printf8.o(i._printf_core) refers to printf8.o(i._printf_pre_padding) for _printf_pre_padding
    printf8.o(i._printf_core) refers to uldiv.o(.text) for __aeabi_uldivmod
    printf8.o(i._printf_core) refers to printf8.o(i._printf_post_padding) for _printf_post_padding
    printfa.o(i.__0fprintf) refers (Special) to iusefp.o(.text) for __I$use$fp
    printfa.o(i.__0fprintf) refers to printfa.o(i._printf_core) for _printf_core
    printfa.o(i.__0fprintf) refers to utility_usart.o(.text.fputc) for fputc
    printfa.o(i.__0printf) refers (Special) to iusefp.o(.text) for __I$use$fp
    printfa.o(i.__0printf) refers to printfa.o(i._printf_core) for _printf_core
    printfa.o(i.__0printf) refers to utility_usart.o(.text.fputc) for fputc
    printfa.o(i.__0printf) refers to stdout.o(.data) for __stdout
    printfa.o(i.__0snprintf) refers (Special) to iusefp.o(.text) for __I$use$fp
    printfa.o(i.__0snprintf) refers to printfa.o(i._printf_core) for _printf_core
    printfa.o(i.__0snprintf) refers to printfa.o(i._snputc) for _snputc
    printfa.o(i.__0sprintf) refers (Special) to iusefp.o(.text) for __I$use$fp
    printfa.o(i.__0sprintf) refers to printfa.o(i._printf_core) for _printf_core
    printfa.o(i.__0sprintf) refers to printfa.o(i._sputc) for _sputc
    printfa.o(i.__0vfprintf) refers (Special) to iusefp.o(.text) for __I$use$fp
    printfa.o(i.__0vfprintf) refers to printfa.o(i._printf_core) for _printf_core
    printfa.o(i.__0vfprintf) refers to utility_usart.o(.text.fputc) for fputc
    printfa.o(i.__0vprintf) refers (Special) to iusefp.o(.text) for __I$use$fp
    printfa.o(i.__0vprintf) refers to printfa.o(i._printf_core) for _printf_core
    printfa.o(i.__0vprintf) refers to utility_usart.o(.text.fputc) for fputc
    printfa.o(i.__0vprintf) refers to stdout.o(.data) for __stdout
    printfa.o(i.__0vsnprintf) refers (Special) to iusefp.o(.text) for __I$use$fp
    printfa.o(i.__0vsnprintf) refers to printfa.o(i._printf_core) for _printf_core
    printfa.o(i.__0vsnprintf) refers to printfa.o(i._snputc) for _snputc
    printfa.o(i.__0vsprintf) refers (Special) to iusefp.o(.text) for __I$use$fp
    printfa.o(i.__0vsprintf) refers to printfa.o(i._printf_core) for _printf_core
    printfa.o(i.__0vsprintf) refers to printfa.o(i._sputc) for _sputc
    printfa.o(i._fp_digits) refers (Special) to iusefp.o(.text) for __I$use$fp
    printfa.o(i._fp_digits) refers to dmul.o(.text) for __aeabi_dmul
    printfa.o(i._fp_digits) refers to ddiv.o(.text) for __aeabi_ddiv
    printfa.o(i._fp_digits) refers to cdrcmple.o(.text) for __aeabi_cdrcmple
    printfa.o(i._fp_digits) refers to dadd.o(.text) for __aeabi_dadd
    printfa.o(i._fp_digits) refers to dfixul.o(.text) for __aeabi_d2ulz
    printfa.o(i._fp_digits) refers to uldiv.o(.text) for __aeabi_uldivmod
    printfa.o(i._printf_core) refers (Special) to iusefp.o(.text) for __I$use$fp
    printfa.o(i._printf_core) refers to printfa.o(i._printf_pre_padding) for _printf_pre_padding
    printfa.o(i._printf_core) refers to uldiv.o(.text) for __aeabi_uldivmod
    printfa.o(i._printf_core) refers to printfa.o(i._printf_post_padding) for _printf_post_padding
    printfa.o(i._printf_core) refers to printfa.o(i._fp_digits) for _fp_digits
    printfa.o(i._printf_core) refers to uidiv.o(.text) for __aeabi_uidivmod
    printfa.o(i._printf_post_padding) refers (Special) to iusefp.o(.text) for __I$use$fp
    printfa.o(i._printf_pre_padding) refers (Special) to iusefp.o(.text) for __I$use$fp
    printfa.o(i._snputc) refers (Special) to iusefp.o(.text) for __I$use$fp
    printfa.o(i._sputc) refers (Special) to iusefp.o(.text) for __I$use$fp
    fadd.o(.text) refers (Special) to iusefp.o(.text) for __I$use$fp
    fadd.o(.text) refers to fepilogue.o(.text) for _float_epilogue
    fmul.o(.text) refers (Special) to iusefp.o(.text) for __I$use$fp
    fdiv.o(.text) refers (Special) to iusefp.o(.text) for __I$use$fp
    fdiv.o(.text) refers to fepilogue.o(.text) for _float_round
    dadd.o(.text) refers (Special) to iusefp.o(.text) for __I$use$fp
    dadd.o(.text) refers to llshl.o(.text) for __aeabi_llsl
    dadd.o(.text) refers to llsshr.o(.text) for __aeabi_lasr
    dadd.o(.text) refers to depilogue.o(.text) for _double_epilogue
    ddiv.o(.text) refers (Special) to iusefp.o(.text) for __I$use$fp
    ddiv.o(.text) refers to depilogue.o(.text) for _double_round
    dfltui.o(.text) refers (Special) to iusefp.o(.text) for __I$use$fp
    dfltui.o(.text) refers to depilogue.o(.text) for _double_epilogue
    ffixi.o(.text) refers (Special) to iusefp.o(.text) for __I$use$fp
    dfixi.o(.text) refers (Special) to iusefp.o(.text) for __I$use$fp
    dfixi.o(.text) refers to llushr.o(.text) for __aeabi_llsr
    entry2.o(.ARM.Collect$$$$00000001) refers to entry2.o(.ARM.Collect$$$$00002712) for __lit__00000000
    entry2.o(.ARM.Collect$$$$00002712) refers to startup_stm32f10x_ld.o(STACK) for __initial_sp
    entry2.o(__vectab_stack_and_reset_area) refers to startup_stm32f10x_ld.o(STACK) for __initial_sp
    entry2.o(__vectab_stack_and_reset_area) refers to entry.o(.ARM.Collect$$$$00000000) for __main
    entry5.o(.ARM.Collect$$$$00000004) refers to init.o(.text) for __scatterload
    entry9a.o(.ARM.Collect$$$$0000000B) refers to main.o(.text.main) for main
    entry9b.o(.ARM.Collect$$$$0000000C) refers to main.o(.text.main) for main
    uldiv.o(.text) refers to llushr.o(.text) for __aeabi_llsr
    uldiv.o(.text) refers to llshl.o(.text) for __aeabi_llsl
    fepilogue.o(.text) refers (Special) to iusefp.o(.text) for __I$use$fp
    depilogue.o(.text) refers (Special) to iusefp.o(.text) for __I$use$fp
    depilogue.o(.text) refers to llshl.o(.text) for __aeabi_llsl
    depilogue.o(.text) refers to llushr.o(.text) for __aeabi_llsr
    dmul.o(.text) refers (Special) to iusefp.o(.text) for __I$use$fp
    dmul.o(.text) refers to depilogue.o(.text) for _double_epilogue
    dfixul.o(.text) refers (Special) to iusefp.o(.text) for __I$use$fp
    dfixul.o(.text) refers to llushr.o(.text) for __aeabi_llsr
    dfixul.o(.text) refers to llshl.o(.text) for __aeabi_llsl
    cdrcmple.o(.text) refers (Special) to iusefp.o(.text) for __I$use$fp
    init.o(.text) refers to entry5.o(.ARM.Collect$$$$00000004) for __main_after_scatterload


==============================================================================

Removing Unused input sections from the image.

    Removing main.o(.text), (0 bytes).
    Removing main.o(.ARM.exidx.text.main), (8 bytes).
    Removing main.o(.ARM.exidx.text.USART1_IRQHandler), (8 bytes).
    Removing main.o(.ARM.exidx.text.TIM2_IRQHandler), (8 bytes).
    Removing main.o(.bss.square_num), (2 bytes).
    Removing main.o(.bss.TX_Control_PA6), (8 bytes).
    Removing main.o(.bss.TX_Signal_PB11), (8 bytes).
    Removing main.o(.bss.RX_Signal_PB10), (8 bytes).
    Removing main.o(.bss.RX_Control_PA7), (8 bytes).
    Removing main.o(.ARM.use_no_argv), (4 bytes).
    Removing drive_key.o(.text), (0 bytes).
    Removing drive_key.o(.ARM.exidx.text.Drv_Key_Init), (8 bytes).
    Removing drive_key.o(.text.Drv_Key_Get_State), (32 bytes).
    Removing drive_key.o(.ARM.exidx.text.Drv_Key_Get_State), (8 bytes).
    Removing drive_key.o(.text.Drv_Key_Proc), (28 bytes).
    Removing drive_key.o(.ARM.exidx.text.Drv_Key_Proc), (8 bytes).
    Removing drive_led.o(.text), (0 bytes).
    Removing drive_led.o(.ARM.exidx.text.Drv_LED_Init), (8 bytes).
    Removing drive_led.o(.text.Drv_LED_Proc), (10 bytes).
    Removing drive_led.o(.ARM.exidx.text.Drv_LED_Proc), (8 bytes).
    Removing drive_led.o(.ARM.exidx.text.Drv_LED_Toggle), (8 bytes).
    Removing drive_servo.o(.text), (0 bytes).
    Removing drive_servo.o(.text.Drv_Servo_Init), (360 bytes).
    Removing drive_servo.o(.ARM.exidx.text.Drv_Servo_Init), (8 bytes).
    Removing drive_servo.o(.text.Drv_Servo_Set_Pos), (206 bytes).
    Removing drive_servo.o(.ARM.exidx.text.Drv_Servo_Set_Pos), (8 bytes).
    Removing drive_servo.o(.text.Drv_Servo_Set_Spd), (206 bytes).
    Removing drive_servo.o(.ARM.exidx.text.Drv_Servo_Set_Spd), (8 bytes).
    Removing utility_delay.o(.text), (0 bytes).
    Removing utility_delay.o(.text.Delay_us), (36 bytes).
    Removing utility_delay.o(.ARM.exidx.text.Delay_us), (8 bytes).
    Removing utility_delay.o(.ARM.exidx.text.Delay_ms), (8 bytes).
    Removing utility_delay.o(.text.Delay_s), (70 bytes).
    Removing utility_delay.o(.ARM.exidx.text.Delay_s), (8 bytes).
    Removing utility_error.o(.text), (0 bytes).
    Removing utility_error.o(.text.MY_Err_Check), (4 bytes).
    Removing utility_error.o(.ARM.exidx.text.MY_Err_Check), (8 bytes).
    Removing utility_exit.o(.text), (0 bytes).
    Removing utility_exit.o(.text.Util_GPIO_Exit_Init), (108 bytes).
    Removing utility_exit.o(.ARM.exidx.text.Util_GPIO_Exit_Init), (8 bytes).
    Removing utility_exit.o(.text.Util_GPIO_Recv), (20 bytes).
    Removing utility_exit.o(.ARM.exidx.text.Util_GPIO_Recv), (8 bytes).
    Removing utility_gpio.o(.text), (0 bytes).
    Removing utility_gpio.o(.ARM.exidx.text.Util_GPIO_Create), (8 bytes).
    Removing utility_gpio.o(.text.Util_GPIO_Output), (28 bytes).
    Removing utility_gpio.o(.ARM.exidx.text.Util_GPIO_Output), (8 bytes).
    Removing utility_gpio.o(.text.Util_GPIO_Input), (20 bytes).
    Removing utility_gpio.o(.ARM.exidx.text.Util_GPIO_Input), (8 bytes).
    Removing utility_gpio.o(.ARM.exidx.text.Util_GPIO_Toggle), (8 bytes).
    Removing utility_gpio.o(.text.Util_GPIO_Send_Square), (242 bytes).
    Removing utility_gpio.o(.ARM.exidx.text.Util_GPIO_Send_Square), (8 bytes).
    Removing utility_tim.o(.text), (0 bytes).
    Removing utility_tim.o(.ARM.exidx.text.TIM_Init), (8 bytes).
    Removing utility_tim.o(.ARM.exidx.text.TIM_NVIC_Init), (8 bytes).
    Removing utility_usart.o(.text), (0 bytes).
    Removing utility_usart.o(.ARM.exidx.text.Serial_Init), (8 bytes).
    Removing utility_usart.o(.text.Serial_SendByte), (34 bytes).
    Removing utility_usart.o(.ARM.exidx.text.Serial_SendByte), (8 bytes).
    Removing utility_usart.o(.ARM.exidx.text.Serial_SendArray), (8 bytes).
    Removing utility_usart.o(.text.Serial_SendString), (56 bytes).
    Removing utility_usart.o(.ARM.exidx.text.Serial_SendString), (8 bytes).
    Removing utility_usart.o(.text.Serial_Pow), (22 bytes).
    Removing utility_usart.o(.ARM.exidx.text.Serial_Pow), (8 bytes).
    Removing utility_usart.o(.text.Serial_SendNumber), (126 bytes).
    Removing utility_usart.o(.ARM.exidx.text.Serial_SendNumber), (8 bytes).
    Removing utility_usart.o(.text.fputc), (36 bytes).
    Removing utility_usart.o(.ARM.exidx.text.fputc), (8 bytes).
    Removing utility_usart.o(.text.Serial_Printf), (84 bytes).
    Removing utility_usart.o(.ARM.exidx.text.Serial_Printf), (8 bytes).
    Removing utility_usart.o(.ARM.exidx.text.Serial_GetRxFlag), (8 bytes).
    Removing utility_usart.o(.text.Serial_GetRxData), (12 bytes).
    Removing utility_usart.o(.ARM.exidx.text.Serial_GetRxData), (8 bytes).
    Removing utility_usart.o(.text.UART_Queue_Init), (8 bytes).
    Removing utility_usart.o(.ARM.exidx.text.UART_Queue_Init), (8 bytes).
    Removing utility_usart.o(.text.UART_Get_Received_Bytes_Count), (4 bytes).
    Removing utility_usart.o(.ARM.exidx.text.UART_Get_Received_Bytes_Count), (8 bytes).
    Removing utility_usart.o(.text.UART_Read_Bytes), (76 bytes).
    Removing utility_usart.o(.ARM.exidx.text.UART_Read_Bytes), (8 bytes).
    Removing utility_usart.o(.ARM.exidx.text.Protocol_Rcv), (8 bytes).
    Removing utility_usart.o(.text.Protocol_Rcv_Test), (356 bytes).
    Removing utility_usart.o(.ARM.exidx.text.Protocol_Rcv_Test), (8 bytes).
    Removing utility_usart.o(.ARM.exidx.text.Vofa_Wave_Print), (8 bytes).
    Removing utility_usart.o(.bss.data_to_send), (64 bytes).
    Removing utility_usart.o(.bss.data_ptr), (4 bytes).
    Removing utility_bit.o(.text), (0 bytes).
    Removing utility_bit.o(.text.Set_Bit), (38 bytes).
    Removing utility_bit.o(.ARM.exidx.text.Set_Bit), (8 bytes).
    Removing utility_bit.o(.text.Toggle_Bit), (30 bytes).
    Removing utility_bit.o(.ARM.exidx.text.Toggle_Bit), (8 bytes).
    Removing utility_bit.o(.text.Combine_Bytes), (36 bytes).
    Removing utility_bit.o(.ARM.exidx.text.Combine_Bytes), (8 bytes).
    Removing utility_bit.o(.text.Split_uint32), (64 bytes).
    Removing utility_bit.o(.ARM.exidx.text.Split_uint32), (8 bytes).
    Removing utility_bit.o(.text.Loop_Test), (28 bytes).
    Removing utility_bit.o(.ARM.exidx.text.Loop_Test), (8 bytes).
    Removing utility_bit.o(.text.Bit_Test), (10 bytes).
    Removing utility_bit.o(.ARM.exidx.text.Bit_Test), (8 bytes).
    Removing utility_linked_list.o(.text), (0 bytes).
    Removing utility_linked_list.o(.text.Linked_List_Init), (8 bytes).
    Removing utility_linked_list.o(.ARM.exidx.text.Linked_List_Init), (8 bytes).
    Removing utility_linked_list.o(.text.Linked_List_Add), (92 bytes).
    Removing utility_linked_list.o(.ARM.exidx.text.Linked_List_Add), (8 bytes).
    Removing utility_linked_list.o(.text.Linked_List_Remove), (146 bytes).
    Removing utility_linked_list.o(.ARM.exidx.text.Linked_List_Remove), (8 bytes).
    Removing utility_linked_list.o(.text.Linked_List_Is_Empty), (10 bytes).
    Removing utility_linked_list.o(.ARM.exidx.text.Linked_List_Is_Empty), (8 bytes).
    Removing utility_linked_list.o(.text.Linked_List_Clear), (64 bytes).
    Removing utility_linked_list.o(.ARM.exidx.text.Linked_List_Clear), (8 bytes).
    Removing utility_linked_list.o(.text.Linked_List_Test), (352 bytes).
    Removing utility_linked_list.o(.ARM.exidx.text.Linked_List_Test), (8 bytes).
    Removing utility_linked_list.o(.bss.nodes_pool_used), (512 bytes).
    Removing utility_linked_list.o(.bss.nodes_pool), (1024 bytes).
    Removing utility_queue.o(.text), (0 bytes).
    Removing utility_queue.o(.ARM.exidx.text.Queue_Init), (8 bytes).
    Removing utility_queue.o(.ARM.exidx.text.Queue_Enqueue), (8 bytes).
    Removing utility_queue.o(.ARM.exidx.text.Queue_Dequeue), (8 bytes).
    Removing utility_queue.o(.text.Queue_Is_Full), (14 bytes).
    Removing utility_queue.o(.ARM.exidx.text.Queue_Is_Full), (8 bytes).
    Removing utility_queue.o(.text.Queue_Is_Empty), (10 bytes).
    Removing utility_queue.o(.ARM.exidx.text.Queue_Is_Empty), (8 bytes).
    Removing utility_queue.o(.text.Queue_Test), (46 bytes).
    Removing utility_queue.o(.ARM.exidx.text.Queue_Test), (8 bytes).
    Removing utility_stack.o(.text), (0 bytes).
    Removing utility_stack.o(.text.Stack_Init), (22 bytes).
    Removing utility_stack.o(.ARM.exidx.text.Stack_Init), (8 bytes).
    Removing utility_stack.o(.text.Stack_Push), (50 bytes).
    Removing utility_stack.o(.ARM.exidx.text.Stack_Push), (8 bytes).
    Removing utility_stack.o(.text.Stack_Pop), (44 bytes).
    Removing utility_stack.o(.ARM.exidx.text.Stack_Pop), (8 bytes).
    Removing utility_stack.o(.text.Stack_Is_Full), (4 bytes).
    Removing utility_stack.o(.ARM.exidx.text.Stack_Is_Full), (8 bytes).
    Removing utility_stack.o(.text.Stack_Is_Empty), (10 bytes).
    Removing utility_stack.o(.ARM.exidx.text.Stack_Is_Empty), (8 bytes).
    Removing utility_stack.o(.text.Stack_Test), (198 bytes).
    Removing utility_stack.o(.ARM.exidx.text.Stack_Test), (8 bytes).
    Removing rcs_ansi.o(.text), (0 bytes).
    Removing rcs_ansi.o(.text.ANSI_Set_OutPort), (12 bytes).
    Removing rcs_ansi.o(.ARM.exidx.text.ANSI_Set_OutPort), (8 bytes).
    Removing rcs_ansi.o(.text.ANSI_Set_InPort), (12 bytes).
    Removing rcs_ansi.o(.ARM.exidx.text.ANSI_Set_InPort), (8 bytes).
    Removing rcs_ansi.o(.text.ANSI_CHANGE_COLOR), (20 bytes).
    Removing rcs_ansi.o(.ARM.exidx.text.ANSI_CHANGE_COLOR), (8 bytes).
    Removing rcs_ansi.o(.text.ANSI_CLEAR_ALL), (16 bytes).
    Removing rcs_ansi.o(.ARM.exidx.text.ANSI_CLEAR_ALL), (8 bytes).
    Removing rcs_ansi.o(.text.ANSI_MOVE_CURSOR), (24 bytes).
    Removing rcs_ansi.o(.ARM.exidx.text.ANSI_MOVE_CURSOR), (8 bytes).
    Removing rcs_ansi.o(.text.ANSI_MOVE_CURSOR_COLOMN), (16 bytes).
    Removing rcs_ansi.o(.ARM.exidx.text.ANSI_MOVE_CURSOR_COLOMN), (8 bytes).
    Removing rcs_ansi.o(.text.ANSI_CLEAR_CURSOR), (12 bytes).
    Removing rcs_ansi.o(.ARM.exidx.text.ANSI_CLEAR_CURSOR), (8 bytes).
    Removing rcs_ansi.o(.text.ANSI_Assert), (36 bytes).
    Removing rcs_ansi.o(.ARM.exidx.text.ANSI_Assert), (8 bytes).
    Removing rcs_ansi.o(.bss.printf_usart), (4 bytes).
    Removing rcs_ansi.o(.bss.scanf_usart), (4 bytes).
    Removing startup_stm32f10x_ld.o(HEAP), (512 bytes).
    Removing system_stm32f10x.o(.text), (0 bytes).
    Removing system_stm32f10x.o(.ARM.exidx.text.SystemInit), (8 bytes).
    Removing system_stm32f10x.o(.text.SystemCoreClockUpdate), (94 bytes).
    Removing system_stm32f10x.o(.ARM.exidx.text.SystemCoreClockUpdate), (8 bytes).
    Removing system_stm32f10x.o(.data.SystemCoreClock), (4 bytes).
    Removing system_stm32f10x.o(.rodata.AHBPrescTable), (16 bytes).
    Removing misc.o(.text), (0 bytes).
    Removing misc.o(.ARM.exidx.text.NVIC_PriorityGroupConfig), (8 bytes).
    Removing misc.o(.ARM.exidx.text.NVIC_Init), (8 bytes).
    Removing misc.o(.text.NVIC_SetVectorTable), (24 bytes).
    Removing misc.o(.ARM.exidx.text.NVIC_SetVectorTable), (8 bytes).
    Removing misc.o(.text.NVIC_SystemLPConfig), (24 bytes).
    Removing misc.o(.ARM.exidx.text.NVIC_SystemLPConfig), (8 bytes).
    Removing misc.o(.text.SysTick_CLKSourceConfig), (24 bytes).
    Removing misc.o(.ARM.exidx.text.SysTick_CLKSourceConfig), (8 bytes).
    Removing stm32f10x_exti.o(.text), (0 bytes).
    Removing stm32f10x_exti.o(.text.EXTI_DeInit), (30 bytes).
    Removing stm32f10x_exti.o(.ARM.exidx.text.EXTI_DeInit), (8 bytes).
    Removing stm32f10x_exti.o(.text.EXTI_Init), (104 bytes).
    Removing stm32f10x_exti.o(.ARM.exidx.text.EXTI_Init), (8 bytes).
    Removing stm32f10x_exti.o(.text.EXTI_StructInit), (14 bytes).
    Removing stm32f10x_exti.o(.ARM.exidx.text.EXTI_StructInit), (8 bytes).
    Removing stm32f10x_exti.o(.text.EXTI_GenerateSWInterrupt), (16 bytes).
    Removing stm32f10x_exti.o(.ARM.exidx.text.EXTI_GenerateSWInterrupt), (8 bytes).
    Removing stm32f10x_exti.o(.text.EXTI_GetFlagStatus), (18 bytes).
    Removing stm32f10x_exti.o(.ARM.exidx.text.EXTI_GetFlagStatus), (8 bytes).
    Removing stm32f10x_exti.o(.text.EXTI_ClearFlag), (12 bytes).
    Removing stm32f10x_exti.o(.ARM.exidx.text.EXTI_ClearFlag), (8 bytes).
    Removing stm32f10x_exti.o(.text.EXTI_GetITStatus), (30 bytes).
    Removing stm32f10x_exti.o(.ARM.exidx.text.EXTI_GetITStatus), (8 bytes).
    Removing stm32f10x_exti.o(.text.EXTI_ClearITPendingBit), (12 bytes).
    Removing stm32f10x_exti.o(.ARM.exidx.text.EXTI_ClearITPendingBit), (8 bytes).
    Removing stm32f10x_gpio.o(.text), (0 bytes).
    Removing stm32f10x_gpio.o(.text.GPIO_DeInit), (54 bytes).
    Removing stm32f10x_gpio.o(.ARM.exidx.text.GPIO_DeInit), (8 bytes).
    Removing stm32f10x_gpio.o(.text.GPIO_AFIODeInit), (22 bytes).
    Removing stm32f10x_gpio.o(.ARM.exidx.text.GPIO_AFIODeInit), (8 bytes).
    Removing stm32f10x_gpio.o(.ARM.exidx.text.GPIO_Init), (8 bytes).
    Removing stm32f10x_gpio.o(.text.GPIO_StructInit), (12 bytes).
    Removing stm32f10x_gpio.o(.ARM.exidx.text.GPIO_StructInit), (8 bytes).
    Removing stm32f10x_gpio.o(.ARM.exidx.text.GPIO_ReadInputDataBit), (8 bytes).
    Removing stm32f10x_gpio.o(.text.GPIO_ReadInputData), (6 bytes).
    Removing stm32f10x_gpio.o(.ARM.exidx.text.GPIO_ReadInputData), (8 bytes).
    Removing stm32f10x_gpio.o(.text.GPIO_ReadOutputDataBit), (10 bytes).
    Removing stm32f10x_gpio.o(.ARM.exidx.text.GPIO_ReadOutputDataBit), (8 bytes).
    Removing stm32f10x_gpio.o(.text.GPIO_ReadOutputData), (6 bytes).
    Removing stm32f10x_gpio.o(.ARM.exidx.text.GPIO_ReadOutputData), (8 bytes).
    Removing stm32f10x_gpio.o(.ARM.exidx.text.GPIO_SetBits), (8 bytes).
    Removing stm32f10x_gpio.o(.ARM.exidx.text.GPIO_ResetBits), (8 bytes).
    Removing stm32f10x_gpio.o(.text.GPIO_WriteBit), (12 bytes).
    Removing stm32f10x_gpio.o(.ARM.exidx.text.GPIO_WriteBit), (8 bytes).
    Removing stm32f10x_gpio.o(.text.GPIO_Write), (4 bytes).
    Removing stm32f10x_gpio.o(.ARM.exidx.text.GPIO_Write), (8 bytes).
    Removing stm32f10x_gpio.o(.text.GPIO_PinLockConfig), (16 bytes).
    Removing stm32f10x_gpio.o(.ARM.exidx.text.GPIO_PinLockConfig), (8 bytes).
    Removing stm32f10x_gpio.o(.text.GPIO_EventOutputConfig), (30 bytes).
    Removing stm32f10x_gpio.o(.ARM.exidx.text.GPIO_EventOutputConfig), (8 bytes).
    Removing stm32f10x_gpio.o(.text.GPIO_EventOutputCmd), (10 bytes).
    Removing stm32f10x_gpio.o(.ARM.exidx.text.GPIO_EventOutputCmd), (8 bytes).
    Removing stm32f10x_gpio.o(.text.GPIO_PinRemapConfig), (128 bytes).
    Removing stm32f10x_gpio.o(.ARM.exidx.text.GPIO_PinRemapConfig), (8 bytes).
    Removing stm32f10x_gpio.o(.text.GPIO_EXTILineConfig), (46 bytes).
    Removing stm32f10x_gpio.o(.ARM.exidx.text.GPIO_EXTILineConfig), (8 bytes).
    Removing stm32f10x_gpio.o(.text.GPIO_ETH_MediaInterfaceConfig), (10 bytes).
    Removing stm32f10x_gpio.o(.ARM.exidx.text.GPIO_ETH_MediaInterfaceConfig), (8 bytes).
    Removing stm32f10x_gpio.o(.rodata..Lswitch.table.GPIO_DeInit.1), (28 bytes).
    Removing stm32f10x_rcc.o(.text), (0 bytes).
    Removing stm32f10x_rcc.o(.text.RCC_DeInit), (66 bytes).
    Removing stm32f10x_rcc.o(.ARM.exidx.text.RCC_DeInit), (8 bytes).
    Removing stm32f10x_rcc.o(.text.RCC_HSEConfig), (50 bytes).
    Removing stm32f10x_rcc.o(.ARM.exidx.text.RCC_HSEConfig), (8 bytes).
    Removing stm32f10x_rcc.o(.text.RCC_WaitForHSEStartUp), (48 bytes).
    Removing stm32f10x_rcc.o(.ARM.exidx.text.RCC_WaitForHSEStartUp), (8 bytes).
    Removing stm32f10x_rcc.o(.text.RCC_GetFlagStatus), (38 bytes).
    Removing stm32f10x_rcc.o(.ARM.exidx.text.RCC_GetFlagStatus), (8 bytes).
    Removing stm32f10x_rcc.o(.text.RCC_AdjustHSICalibrationValue), (22 bytes).
    Removing stm32f10x_rcc.o(.ARM.exidx.text.RCC_AdjustHSICalibrationValue), (8 bytes).
    Removing stm32f10x_rcc.o(.text.RCC_HSICmd), (10 bytes).
    Removing stm32f10x_rcc.o(.ARM.exidx.text.RCC_HSICmd), (8 bytes).
    Removing stm32f10x_rcc.o(.text.RCC_PLLConfig), (22 bytes).
    Removing stm32f10x_rcc.o(.ARM.exidx.text.RCC_PLLConfig), (8 bytes).
    Removing stm32f10x_rcc.o(.text.RCC_PLLCmd), (10 bytes).
    Removing stm32f10x_rcc.o(.ARM.exidx.text.RCC_PLLCmd), (8 bytes).
    Removing stm32f10x_rcc.o(.text.RCC_SYSCLKConfig), (20 bytes).
    Removing stm32f10x_rcc.o(.ARM.exidx.text.RCC_SYSCLKConfig), (8 bytes).
    Removing stm32f10x_rcc.o(.text.RCC_GetSYSCLKSource), (16 bytes).
    Removing stm32f10x_rcc.o(.ARM.exidx.text.RCC_GetSYSCLKSource), (8 bytes).
    Removing stm32f10x_rcc.o(.text.RCC_HCLKConfig), (20 bytes).
    Removing stm32f10x_rcc.o(.ARM.exidx.text.RCC_HCLKConfig), (8 bytes).
    Removing stm32f10x_rcc.o(.text.RCC_PCLK1Config), (20 bytes).
    Removing stm32f10x_rcc.o(.ARM.exidx.text.RCC_PCLK1Config), (8 bytes).
    Removing stm32f10x_rcc.o(.text.RCC_PCLK2Config), (22 bytes).
    Removing stm32f10x_rcc.o(.ARM.exidx.text.RCC_PCLK2Config), (8 bytes).
    Removing stm32f10x_rcc.o(.text.RCC_ITConfig), (24 bytes).
    Removing stm32f10x_rcc.o(.ARM.exidx.text.RCC_ITConfig), (8 bytes).
    Removing stm32f10x_rcc.o(.text.RCC_USBCLKConfig), (10 bytes).
    Removing stm32f10x_rcc.o(.ARM.exidx.text.RCC_USBCLKConfig), (8 bytes).
    Removing stm32f10x_rcc.o(.text.RCC_ADCCLKConfig), (20 bytes).
    Removing stm32f10x_rcc.o(.ARM.exidx.text.RCC_ADCCLKConfig), (8 bytes).
    Removing stm32f10x_rcc.o(.text.RCC_LSEConfig), (30 bytes).
    Removing stm32f10x_rcc.o(.ARM.exidx.text.RCC_LSEConfig), (8 bytes).
    Removing stm32f10x_rcc.o(.text.RCC_LSICmd), (12 bytes).
    Removing stm32f10x_rcc.o(.ARM.exidx.text.RCC_LSICmd), (8 bytes).
    Removing stm32f10x_rcc.o(.text.RCC_RTCCLKConfig), (16 bytes).
    Removing stm32f10x_rcc.o(.ARM.exidx.text.RCC_RTCCLKConfig), (8 bytes).
    Removing stm32f10x_rcc.o(.text.RCC_RTCCLKCmd), (12 bytes).
    Removing stm32f10x_rcc.o(.ARM.exidx.text.RCC_RTCCLKCmd), (8 bytes).
    Removing stm32f10x_rcc.o(.ARM.exidx.text.RCC_GetClocksFreq), (8 bytes).
    Removing stm32f10x_rcc.o(.text.RCC_AHBPeriphClockCmd), (24 bytes).
    Removing stm32f10x_rcc.o(.ARM.exidx.text.RCC_AHBPeriphClockCmd), (8 bytes).
    Removing stm32f10x_rcc.o(.ARM.exidx.text.RCC_APB2PeriphClockCmd), (8 bytes).
    Removing stm32f10x_rcc.o(.ARM.exidx.text.RCC_APB1PeriphClockCmd), (8 bytes).
    Removing stm32f10x_rcc.o(.text.RCC_APB2PeriphResetCmd), (24 bytes).
    Removing stm32f10x_rcc.o(.ARM.exidx.text.RCC_APB2PeriphResetCmd), (8 bytes).
    Removing stm32f10x_rcc.o(.text.RCC_APB1PeriphResetCmd), (24 bytes).
    Removing stm32f10x_rcc.o(.ARM.exidx.text.RCC_APB1PeriphResetCmd), (8 bytes).
    Removing stm32f10x_rcc.o(.text.RCC_BackupResetCmd), (12 bytes).
    Removing stm32f10x_rcc.o(.ARM.exidx.text.RCC_BackupResetCmd), (8 bytes).
    Removing stm32f10x_rcc.o(.text.RCC_ClockSecuritySystemCmd), (10 bytes).
    Removing stm32f10x_rcc.o(.ARM.exidx.text.RCC_ClockSecuritySystemCmd), (8 bytes).
    Removing stm32f10x_rcc.o(.text.RCC_MCOConfig), (12 bytes).
    Removing stm32f10x_rcc.o(.ARM.exidx.text.RCC_MCOConfig), (8 bytes).
    Removing stm32f10x_rcc.o(.text.RCC_ClearFlag), (18 bytes).
    Removing stm32f10x_rcc.o(.ARM.exidx.text.RCC_ClearFlag), (8 bytes).
    Removing stm32f10x_rcc.o(.text.RCC_GetITStatus), (18 bytes).
    Removing stm32f10x_rcc.o(.ARM.exidx.text.RCC_GetITStatus), (8 bytes).
    Removing stm32f10x_rcc.o(.text.RCC_ClearITPendingBit), (12 bytes).
    Removing stm32f10x_rcc.o(.ARM.exidx.text.RCC_ClearITPendingBit), (8 bytes).
    Removing stm32f10x_tim.o(.text), (0 bytes).
    Removing stm32f10x_tim.o(.text.TIM_DeInit), (560 bytes).
    Removing stm32f10x_tim.o(.ARM.exidx.text.TIM_DeInit), (8 bytes).
    Removing stm32f10x_tim.o(.ARM.exidx.text.TIM_TimeBaseInit), (8 bytes).
    Removing stm32f10x_tim.o(.text.TIM_OC1Init), (114 bytes).
    Removing stm32f10x_tim.o(.ARM.exidx.text.TIM_OC1Init), (8 bytes).
    Removing stm32f10x_tim.o(.text.TIM_OC2Init), (116 bytes).
    Removing stm32f10x_tim.o(.ARM.exidx.text.TIM_OC2Init), (8 bytes).
    Removing stm32f10x_tim.o(.text.TIM_OC3Init), (116 bytes).
    Removing stm32f10x_tim.o(.ARM.exidx.text.TIM_OC3Init), (8 bytes).
    Removing stm32f10x_tim.o(.text.TIM_OC4Init), (92 bytes).
    Removing stm32f10x_tim.o(.ARM.exidx.text.TIM_OC4Init), (8 bytes).
    Removing stm32f10x_tim.o(.text.TIM_ICInit), (670 bytes).
    Removing stm32f10x_tim.o(.ARM.exidx.text.TIM_ICInit), (8 bytes).
    Removing stm32f10x_tim.o(.text.TIM_SetIC1Prescaler), (16 bytes).
    Removing stm32f10x_tim.o(.ARM.exidx.text.TIM_SetIC1Prescaler), (8 bytes).
    Removing stm32f10x_tim.o(.text.TIM_SetIC2Prescaler), (18 bytes).
    Removing stm32f10x_tim.o(.ARM.exidx.text.TIM_SetIC2Prescaler), (8 bytes).
    Removing stm32f10x_tim.o(.text.TIM_SetIC3Prescaler), (16 bytes).
    Removing stm32f10x_tim.o(.ARM.exidx.text.TIM_SetIC3Prescaler), (8 bytes).
    Removing stm32f10x_tim.o(.text.TIM_SetIC4Prescaler), (18 bytes).
    Removing stm32f10x_tim.o(.ARM.exidx.text.TIM_SetIC4Prescaler), (8 bytes).
    Removing stm32f10x_tim.o(.text.TIM_PWMIConfig), (594 bytes).
    Removing stm32f10x_tim.o(.ARM.exidx.text.TIM_PWMIConfig), (8 bytes).
    Removing stm32f10x_tim.o(.text.TIM_BDTRConfig), (40 bytes).
    Removing stm32f10x_tim.o(.ARM.exidx.text.TIM_BDTRConfig), (8 bytes).
    Removing stm32f10x_tim.o(.text.TIM_TimeBaseStructInit), (20 bytes).
    Removing stm32f10x_tim.o(.ARM.exidx.text.TIM_TimeBaseStructInit), (8 bytes).
    Removing stm32f10x_tim.o(.text.TIM_OCStructInit), (12 bytes).
    Removing stm32f10x_tim.o(.ARM.exidx.text.TIM_OCStructInit), (8 bytes).
    Removing stm32f10x_tim.o(.text.TIM_ICStructInit), (12 bytes).
    Removing stm32f10x_tim.o(.ARM.exidx.text.TIM_ICStructInit), (8 bytes).
    Removing stm32f10x_tim.o(.text.TIM_BDTRStructInit), (12 bytes).
    Removing stm32f10x_tim.o(.ARM.exidx.text.TIM_BDTRStructInit), (8 bytes).
    Removing stm32f10x_tim.o(.ARM.exidx.text.TIM_Cmd), (8 bytes).
    Removing stm32f10x_tim.o(.text.TIM_CtrlPWMOutputs), (24 bytes).
    Removing stm32f10x_tim.o(.ARM.exidx.text.TIM_CtrlPWMOutputs), (8 bytes).
    Removing stm32f10x_tim.o(.ARM.exidx.text.TIM_ITConfig), (8 bytes).
    Removing stm32f10x_tim.o(.text.TIM_GenerateEvent), (4 bytes).
    Removing stm32f10x_tim.o(.ARM.exidx.text.TIM_GenerateEvent), (8 bytes).
    Removing stm32f10x_tim.o(.text.TIM_DMAConfig), (8 bytes).
    Removing stm32f10x_tim.o(.ARM.exidx.text.TIM_DMAConfig), (8 bytes).
    Removing stm32f10x_tim.o(.text.TIM_DMACmd), (16 bytes).
    Removing stm32f10x_tim.o(.ARM.exidx.text.TIM_DMACmd), (8 bytes).
    Removing stm32f10x_tim.o(.text.TIM_InternalClockConfig), (10 bytes).
    Removing stm32f10x_tim.o(.ARM.exidx.text.TIM_InternalClockConfig), (8 bytes).
    Removing stm32f10x_tim.o(.text.TIM_ITRxExternalClockConfig), (20 bytes).
    Removing stm32f10x_tim.o(.ARM.exidx.text.TIM_ITRxExternalClockConfig), (8 bytes).
    Removing stm32f10x_tim.o(.text.TIM_SelectInputTrigger), (12 bytes).
    Removing stm32f10x_tim.o(.ARM.exidx.text.TIM_SelectInputTrigger), (8 bytes).
    Removing stm32f10x_tim.o(.text.TIM_TIxExternalClockConfig), (280 bytes).
    Removing stm32f10x_tim.o(.ARM.exidx.text.TIM_TIxExternalClockConfig), (8 bytes).
    Removing stm32f10x_tim.o(.text.TIM_ETRClockMode1Config), (30 bytes).
    Removing stm32f10x_tim.o(.ARM.exidx.text.TIM_ETRClockMode1Config), (8 bytes).
    Removing stm32f10x_tim.o(.text.TIM_ETRConfig), (22 bytes).
    Removing stm32f10x_tim.o(.ARM.exidx.text.TIM_ETRConfig), (8 bytes).
    Removing stm32f10x_tim.o(.text.TIM_ETRClockMode2Config), (30 bytes).
    Removing stm32f10x_tim.o(.ARM.exidx.text.TIM_ETRClockMode2Config), (8 bytes).
    Removing stm32f10x_tim.o(.text.TIM_PrescalerConfig), (6 bytes).
    Removing stm32f10x_tim.o(.ARM.exidx.text.TIM_PrescalerConfig), (8 bytes).
    Removing stm32f10x_tim.o(.text.TIM_CounterModeConfig), (12 bytes).
    Removing stm32f10x_tim.o(.ARM.exidx.text.TIM_CounterModeConfig), (8 bytes).
    Removing stm32f10x_tim.o(.text.TIM_EncoderInterfaceConfig), (48 bytes).
    Removing stm32f10x_tim.o(.ARM.exidx.text.TIM_EncoderInterfaceConfig), (8 bytes).
    Removing stm32f10x_tim.o(.text.TIM_ForcedOC1Config), (12 bytes).
    Removing stm32f10x_tim.o(.ARM.exidx.text.TIM_ForcedOC1Config), (8 bytes).
    Removing stm32f10x_tim.o(.text.TIM_ForcedOC2Config), (14 bytes).
    Removing stm32f10x_tim.o(.ARM.exidx.text.TIM_ForcedOC2Config), (8 bytes).
    Removing stm32f10x_tim.o(.text.TIM_ForcedOC3Config), (12 bytes).
    Removing stm32f10x_tim.o(.ARM.exidx.text.TIM_ForcedOC3Config), (8 bytes).
    Removing stm32f10x_tim.o(.text.TIM_ForcedOC4Config), (14 bytes).
    Removing stm32f10x_tim.o(.ARM.exidx.text.TIM_ForcedOC4Config), (8 bytes).
    Removing stm32f10x_tim.o(.text.TIM_ARRPreloadConfig), (20 bytes).
    Removing stm32f10x_tim.o(.ARM.exidx.text.TIM_ARRPreloadConfig), (8 bytes).
    Removing stm32f10x_tim.o(.text.TIM_SelectCOM), (20 bytes).
    Removing stm32f10x_tim.o(.ARM.exidx.text.TIM_SelectCOM), (8 bytes).
    Removing stm32f10x_tim.o(.text.TIM_SelectCCDMA), (20 bytes).
    Removing stm32f10x_tim.o(.ARM.exidx.text.TIM_SelectCCDMA), (8 bytes).
    Removing stm32f10x_tim.o(.text.TIM_CCPreloadControl), (18 bytes).
    Removing stm32f10x_tim.o(.ARM.exidx.text.TIM_CCPreloadControl), (8 bytes).
    Removing stm32f10x_tim.o(.text.TIM_OC1PreloadConfig), (12 bytes).
    Removing stm32f10x_tim.o(.ARM.exidx.text.TIM_OC1PreloadConfig), (8 bytes).
    Removing stm32f10x_tim.o(.text.TIM_OC2PreloadConfig), (14 bytes).
    Removing stm32f10x_tim.o(.ARM.exidx.text.TIM_OC2PreloadConfig), (8 bytes).
    Removing stm32f10x_tim.o(.text.TIM_OC3PreloadConfig), (12 bytes).
    Removing stm32f10x_tim.o(.ARM.exidx.text.TIM_OC3PreloadConfig), (8 bytes).
    Removing stm32f10x_tim.o(.text.TIM_OC4PreloadConfig), (14 bytes).
    Removing stm32f10x_tim.o(.ARM.exidx.text.TIM_OC4PreloadConfig), (8 bytes).
    Removing stm32f10x_tim.o(.text.TIM_OC1FastConfig), (12 bytes).
    Removing stm32f10x_tim.o(.ARM.exidx.text.TIM_OC1FastConfig), (8 bytes).
    Removing stm32f10x_tim.o(.text.TIM_OC2FastConfig), (14 bytes).
    Removing stm32f10x_tim.o(.ARM.exidx.text.TIM_OC2FastConfig), (8 bytes).
    Removing stm32f10x_tim.o(.text.TIM_OC3FastConfig), (12 bytes).
    Removing stm32f10x_tim.o(.ARM.exidx.text.TIM_OC3FastConfig), (8 bytes).
    Removing stm32f10x_tim.o(.text.TIM_OC4FastConfig), (14 bytes).
    Removing stm32f10x_tim.o(.ARM.exidx.text.TIM_OC4FastConfig), (8 bytes).
    Removing stm32f10x_tim.o(.text.TIM_ClearOC1Ref), (12 bytes).
    Removing stm32f10x_tim.o(.ARM.exidx.text.TIM_ClearOC1Ref), (8 bytes).
    Removing stm32f10x_tim.o(.text.TIM_ClearOC2Ref), (14 bytes).
    Removing stm32f10x_tim.o(.ARM.exidx.text.TIM_ClearOC2Ref), (8 bytes).
    Removing stm32f10x_tim.o(.text.TIM_ClearOC3Ref), (12 bytes).
    Removing stm32f10x_tim.o(.ARM.exidx.text.TIM_ClearOC3Ref), (8 bytes).
    Removing stm32f10x_tim.o(.text.TIM_ClearOC4Ref), (14 bytes).
    Removing stm32f10x_tim.o(.ARM.exidx.text.TIM_ClearOC4Ref), (8 bytes).
    Removing stm32f10x_tim.o(.text.TIM_OC1PolarityConfig), (12 bytes).
    Removing stm32f10x_tim.o(.ARM.exidx.text.TIM_OC1PolarityConfig), (8 bytes).
    Removing stm32f10x_tim.o(.text.TIM_OC1NPolarityConfig), (12 bytes).
    Removing stm32f10x_tim.o(.ARM.exidx.text.TIM_OC1NPolarityConfig), (8 bytes).
    Removing stm32f10x_tim.o(.text.TIM_OC2PolarityConfig), (14 bytes).
    Removing stm32f10x_tim.o(.ARM.exidx.text.TIM_OC2PolarityConfig), (8 bytes).
    Removing stm32f10x_tim.o(.text.TIM_OC2NPolarityConfig), (14 bytes).
    Removing stm32f10x_tim.o(.ARM.exidx.text.TIM_OC2NPolarityConfig), (8 bytes).
    Removing stm32f10x_tim.o(.text.TIM_OC3PolarityConfig), (14 bytes).
    Removing stm32f10x_tim.o(.ARM.exidx.text.TIM_OC3PolarityConfig), (8 bytes).
    Removing stm32f10x_tim.o(.text.TIM_OC3NPolarityConfig), (14 bytes).
    Removing stm32f10x_tim.o(.ARM.exidx.text.TIM_OC3NPolarityConfig), (8 bytes).
    Removing stm32f10x_tim.o(.text.TIM_OC4PolarityConfig), (14 bytes).
    Removing stm32f10x_tim.o(.ARM.exidx.text.TIM_OC4PolarityConfig), (8 bytes).
    Removing stm32f10x_tim.o(.text.TIM_CCxCmd), (32 bytes).
    Removing stm32f10x_tim.o(.ARM.exidx.text.TIM_CCxCmd), (8 bytes).
    Removing stm32f10x_tim.o(.text.TIM_CCxNCmd), (32 bytes).
    Removing stm32f10x_tim.o(.ARM.exidx.text.TIM_CCxNCmd), (8 bytes).
    Removing stm32f10x_tim.o(.text.TIM_SelectOCxM), (82 bytes).
    Removing stm32f10x_tim.o(.ARM.exidx.text.TIM_SelectOCxM), (8 bytes).
    Removing stm32f10x_tim.o(.text.TIM_UpdateDisableConfig), (20 bytes).
    Removing stm32f10x_tim.o(.ARM.exidx.text.TIM_UpdateDisableConfig), (8 bytes).
    Removing stm32f10x_tim.o(.text.TIM_UpdateRequestConfig), (20 bytes).
    Removing stm32f10x_tim.o(.ARM.exidx.text.TIM_UpdateRequestConfig), (8 bytes).
    Removing stm32f10x_tim.o(.text.TIM_SelectHallSensor), (20 bytes).
    Removing stm32f10x_tim.o(.ARM.exidx.text.TIM_SelectHallSensor), (8 bytes).
    Removing stm32f10x_tim.o(.text.TIM_SelectOnePulseMode), (16 bytes).
    Removing stm32f10x_tim.o(.ARM.exidx.text.TIM_SelectOnePulseMode), (8 bytes).
    Removing stm32f10x_tim.o(.text.TIM_SelectOutputTrigger), (16 bytes).
    Removing stm32f10x_tim.o(.ARM.exidx.text.TIM_SelectOutputTrigger), (8 bytes).
    Removing stm32f10x_tim.o(.text.TIM_SelectSlaveMode), (16 bytes).
    Removing stm32f10x_tim.o(.ARM.exidx.text.TIM_SelectSlaveMode), (8 bytes).
    Removing stm32f10x_tim.o(.text.TIM_SelectMasterSlaveMode), (16 bytes).
    Removing stm32f10x_tim.o(.ARM.exidx.text.TIM_SelectMasterSlaveMode), (8 bytes).
    Removing stm32f10x_tim.o(.text.TIM_SetCounter), (4 bytes).
    Removing stm32f10x_tim.o(.ARM.exidx.text.TIM_SetCounter), (8 bytes).
    Removing stm32f10x_tim.o(.ARM.exidx.text.TIM_SetAutoreload), (8 bytes).
    Removing stm32f10x_tim.o(.text.TIM_SetCompare1), (4 bytes).
    Removing stm32f10x_tim.o(.ARM.exidx.text.TIM_SetCompare1), (8 bytes).
    Removing stm32f10x_tim.o(.text.TIM_SetCompare2), (4 bytes).
    Removing stm32f10x_tim.o(.ARM.exidx.text.TIM_SetCompare2), (8 bytes).
    Removing stm32f10x_tim.o(.text.TIM_SetCompare3), (4 bytes).
    Removing stm32f10x_tim.o(.ARM.exidx.text.TIM_SetCompare3), (8 bytes).
    Removing stm32f10x_tim.o(.text.TIM_SetCompare4), (6 bytes).
    Removing stm32f10x_tim.o(.ARM.exidx.text.TIM_SetCompare4), (8 bytes).
    Removing stm32f10x_tim.o(.text.TIM_SetClockDivision), (16 bytes).
    Removing stm32f10x_tim.o(.ARM.exidx.text.TIM_SetClockDivision), (8 bytes).
    Removing stm32f10x_tim.o(.text.TIM_GetCapture1), (4 bytes).
    Removing stm32f10x_tim.o(.ARM.exidx.text.TIM_GetCapture1), (8 bytes).
    Removing stm32f10x_tim.o(.text.TIM_GetCapture2), (4 bytes).
    Removing stm32f10x_tim.o(.ARM.exidx.text.TIM_GetCapture2), (8 bytes).
    Removing stm32f10x_tim.o(.text.TIM_GetCapture3), (4 bytes).
    Removing stm32f10x_tim.o(.ARM.exidx.text.TIM_GetCapture3), (8 bytes).
    Removing stm32f10x_tim.o(.text.TIM_GetCapture4), (6 bytes).
    Removing stm32f10x_tim.o(.ARM.exidx.text.TIM_GetCapture4), (8 bytes).
    Removing stm32f10x_tim.o(.text.TIM_GetCounter), (4 bytes).
    Removing stm32f10x_tim.o(.ARM.exidx.text.TIM_GetCounter), (8 bytes).
    Removing stm32f10x_tim.o(.text.TIM_GetPrescaler), (4 bytes).
    Removing stm32f10x_tim.o(.ARM.exidx.text.TIM_GetPrescaler), (8 bytes).
    Removing stm32f10x_tim.o(.text.TIM_GetFlagStatus), (10 bytes).
    Removing stm32f10x_tim.o(.ARM.exidx.text.TIM_GetFlagStatus), (8 bytes).
    Removing stm32f10x_tim.o(.text.TIM_ClearFlag), (6 bytes).
    Removing stm32f10x_tim.o(.ARM.exidx.text.TIM_ClearFlag), (8 bytes).
    Removing stm32f10x_tim.o(.ARM.exidx.text.TIM_GetITStatus), (8 bytes).
    Removing stm32f10x_tim.o(.ARM.exidx.text.TIM_ClearITPendingBit), (8 bytes).
    Removing stm32f10x_usart.o(.text), (0 bytes).
    Removing stm32f10x_usart.o(.text.USART_DeInit), (174 bytes).
    Removing stm32f10x_usart.o(.ARM.exidx.text.USART_DeInit), (8 bytes).
    Removing stm32f10x_usart.o(.ARM.exidx.text.USART_Init), (8 bytes).
    Removing stm32f10x_usart.o(.text.USART_StructInit), (18 bytes).
    Removing stm32f10x_usart.o(.ARM.exidx.text.USART_StructInit), (8 bytes).
    Removing stm32f10x_usart.o(.text.USART_ClockInit), (34 bytes).
    Removing stm32f10x_usart.o(.ARM.exidx.text.USART_ClockInit), (8 bytes).
    Removing stm32f10x_usart.o(.text.USART_ClockStructInit), (8 bytes).
    Removing stm32f10x_usart.o(.ARM.exidx.text.USART_ClockStructInit), (8 bytes).
    Removing stm32f10x_usart.o(.ARM.exidx.text.USART_Cmd), (8 bytes).
    Removing stm32f10x_usart.o(.ARM.exidx.text.USART_ITConfig), (8 bytes).
    Removing stm32f10x_usart.o(.text.USART_DMACmd), (16 bytes).
    Removing stm32f10x_usart.o(.ARM.exidx.text.USART_DMACmd), (8 bytes).
    Removing stm32f10x_usart.o(.text.USART_SetAddress), (16 bytes).
    Removing stm32f10x_usart.o(.ARM.exidx.text.USART_SetAddress), (8 bytes).
    Removing stm32f10x_usart.o(.text.USART_WakeUpConfig), (16 bytes).
    Removing stm32f10x_usart.o(.ARM.exidx.text.USART_WakeUpConfig), (8 bytes).
    Removing stm32f10x_usart.o(.text.USART_ReceiverWakeUpCmd), (20 bytes).
    Removing stm32f10x_usart.o(.ARM.exidx.text.USART_ReceiverWakeUpCmd), (8 bytes).
    Removing stm32f10x_usart.o(.text.USART_LINBreakDetectLengthConfig), (16 bytes).
    Removing stm32f10x_usart.o(.ARM.exidx.text.USART_LINBreakDetectLengthConfig), (8 bytes).
    Removing stm32f10x_usart.o(.text.USART_LINCmd), (20 bytes).
    Removing stm32f10x_usart.o(.ARM.exidx.text.USART_LINCmd), (8 bytes).
    Removing stm32f10x_usart.o(.ARM.exidx.text.USART_SendData), (8 bytes).
    Removing stm32f10x_usart.o(.ARM.exidx.text.USART_ReceiveData), (8 bytes).
    Removing stm32f10x_usart.o(.text.USART_SendBreak), (10 bytes).
    Removing stm32f10x_usart.o(.ARM.exidx.text.USART_SendBreak), (8 bytes).
    Removing stm32f10x_usart.o(.text.USART_SetGuardTime), (16 bytes).
    Removing stm32f10x_usart.o(.ARM.exidx.text.USART_SetGuardTime), (8 bytes).
    Removing stm32f10x_usart.o(.text.USART_SetPrescaler), (16 bytes).
    Removing stm32f10x_usart.o(.ARM.exidx.text.USART_SetPrescaler), (8 bytes).
    Removing stm32f10x_usart.o(.text.USART_SmartCardCmd), (20 bytes).
    Removing stm32f10x_usart.o(.ARM.exidx.text.USART_SmartCardCmd), (8 bytes).
    Removing stm32f10x_usart.o(.text.USART_SmartCardNACKCmd), (20 bytes).
    Removing stm32f10x_usart.o(.ARM.exidx.text.USART_SmartCardNACKCmd), (8 bytes).
    Removing stm32f10x_usart.o(.text.USART_HalfDuplexCmd), (20 bytes).
    Removing stm32f10x_usart.o(.ARM.exidx.text.USART_HalfDuplexCmd), (8 bytes).
    Removing stm32f10x_usart.o(.text.USART_OverSampling8Cmd), (20 bytes).
    Removing stm32f10x_usart.o(.ARM.exidx.text.USART_OverSampling8Cmd), (8 bytes).
    Removing stm32f10x_usart.o(.text.USART_OneBitMethodCmd), (20 bytes).
    Removing stm32f10x_usart.o(.ARM.exidx.text.USART_OneBitMethodCmd), (8 bytes).
    Removing stm32f10x_usart.o(.text.USART_IrDAConfig), (16 bytes).
    Removing stm32f10x_usart.o(.ARM.exidx.text.USART_IrDAConfig), (8 bytes).
    Removing stm32f10x_usart.o(.text.USART_IrDACmd), (20 bytes).
    Removing stm32f10x_usart.o(.ARM.exidx.text.USART_IrDACmd), (8 bytes).
    Removing stm32f10x_usart.o(.ARM.exidx.text.USART_GetFlagStatus), (8 bytes).
    Removing stm32f10x_usart.o(.text.USART_ClearFlag), (6 bytes).
    Removing stm32f10x_usart.o(.ARM.exidx.text.USART_ClearFlag), (8 bytes).
    Removing stm32f10x_usart.o(.ARM.exidx.text.USART_GetITStatus), (8 bytes).
    Removing stm32f10x_usart.o(.ARM.exidx.text.USART_ClearITPendingBit), (8 bytes).
    Removing fadd.o(.text), (176 bytes).
    Removing fmul.o(.text), (100 bytes).
    Removing fdiv.o(.text), (124 bytes).
    Removing dadd.o(.text), (334 bytes).
    Removing ddiv.o(.text), (222 bytes).
    Removing dfltui.o(.text), (26 bytes).
    Removing ffixi.o(.text), (50 bytes).
    Removing dfixi.o(.text), (62 bytes).
    Removing fepilogue.o(.text), (110 bytes).
    Removing depilogue.o(.text), (186 bytes).
    Removing dmul.o(.text), (228 bytes).
    Removing dfixul.o(.text), (48 bytes).
    Removing cdrcmple.o(.text), (48 bytes).

516 unused section(s) (total 15174 bytes) removed from the image.

==============================================================================

Image Symbol Table

    Local Symbols

    Symbol Name                              Value     Ov Type        Size  Object(Section)

    ../clib/division.s                       0x00000000   Number         0  aeabi_sdiv.o ABSOLUTE
    ../clib/microlib/division.c              0x00000000   Number         0  uidiv.o ABSOLUTE
    ../clib/microlib/division.c              0x00000000   Number         0  uldiv.o ABSOLUTE
    ../clib/microlib/init/entry.s            0x00000000   Number         0  entry.o ABSOLUTE
    ../clib/microlib/init/entry.s            0x00000000   Number         0  entry2.o ABSOLUTE
    ../clib/microlib/init/entry.s            0x00000000   Number         0  entry5.o ABSOLUTE
    ../clib/microlib/init/entry.s            0x00000000   Number         0  entry7a.o ABSOLUTE
    ../clib/microlib/init/entry.s            0x00000000   Number         0  entry7b.o ABSOLUTE
    ../clib/microlib/init/entry.s            0x00000000   Number         0  entry8a.o ABSOLUTE
    ../clib/microlib/init/entry.s            0x00000000   Number         0  entry8b.o ABSOLUTE
    ../clib/microlib/init/entry.s            0x00000000   Number         0  entry9a.o ABSOLUTE
    ../clib/microlib/init/entry.s            0x00000000   Number         0  entry9b.o ABSOLUTE
    ../clib/microlib/init/entry.s            0x00000000   Number         0  entry10a.o ABSOLUTE
    ../clib/microlib/init/entry.s            0x00000000   Number         0  entry10b.o ABSOLUTE
    ../clib/microlib/init/entry.s            0x00000000   Number         0  entry11a.o ABSOLUTE
    ../clib/microlib/init/entry.s            0x00000000   Number         0  entry11b.o ABSOLUTE
    ../clib/microlib/longlong.c              0x00000000   Number         0  llshl.o ABSOLUTE
    ../clib/microlib/longlong.c              0x00000000   Number         0  llushr.o ABSOLUTE
    ../clib/microlib/longlong.c              0x00000000   Number         0  llsshr.o ABSOLUTE
    ../clib/microlib/printf/printf.c         0x00000000   Number         0  printfb.o ABSOLUTE
    ../clib/microlib/printf/printf.c         0x00000000   Number         0  printf0.o ABSOLUTE
    ../clib/microlib/printf/printf.c         0x00000000   Number         0  printf1.o ABSOLUTE
    ../clib/microlib/printf/printf.c         0x00000000   Number         0  printf2.o ABSOLUTE
    ../clib/microlib/printf/printf.c         0x00000000   Number         0  printf3.o ABSOLUTE
    ../clib/microlib/printf/printf.c         0x00000000   Number         0  printf4.o ABSOLUTE
    ../clib/microlib/printf/printf.c         0x00000000   Number         0  printf5.o ABSOLUTE
    ../clib/microlib/printf/printf.c         0x00000000   Number         0  printf6.o ABSOLUTE
    ../clib/microlib/printf/printf.c         0x00000000   Number         0  printf7.o ABSOLUTE
    ../clib/microlib/printf/printf.c         0x00000000   Number         0  printf8.o ABSOLUTE
    ../clib/microlib/printf/printf.c         0x00000000   Number         0  printfa.o ABSOLUTE
    ../clib/microlib/printf/stubs.s          0x00000000   Number         0  printfstubs.o ABSOLUTE
    ../clib/microlib/stdio/putchar.c         0x00000000   Number         0  putchar.o ABSOLUTE
    ../clib/microlib/stdio/puts.c            0x00000000   Number         0  puts.o ABSOLUTE
    ../clib/microlib/stdio/puts.c            0x00000000   Number         0  puts_e.o ABSOLUTE
    ../clib/microlib/stdio/streams.c         0x00000000   Number         0  stdout.o ABSOLUTE
    ../clib/microlib/string/memcpy.c         0x00000000   Number         0  memcpya.o ABSOLUTE
    ../clib/microlib/string/memcpy.c         0x00000000   Number         0  memcpyb.o ABSOLUTE
    ../clib/microlib/string/memset.c         0x00000000   Number         0  memseta.o ABSOLUTE
    ../clib/microlib/stubs.s                 0x00000000   Number         0  iusefp.o ABSOLUTE
    ../fplib/microlib/fpadd.c                0x00000000   Number         0  fadd.o ABSOLUTE
    ../fplib/microlib/fpadd.c                0x00000000   Number         0  dadd.o ABSOLUTE
    ../fplib/microlib/fpdiv.c                0x00000000   Number         0  fdiv.o ABSOLUTE
    ../fplib/microlib/fpdiv.c                0x00000000   Number         0  ddiv.o ABSOLUTE
    ../fplib/microlib/fpepilogue.c           0x00000000   Number         0  fepilogue.o ABSOLUTE
    ../fplib/microlib/fpepilogue.c           0x00000000   Number         0  depilogue.o ABSOLUTE
    ../fplib/microlib/fpfix.c                0x00000000   Number         0  ffixi.o ABSOLUTE
    ../fplib/microlib/fpfix.c                0x00000000   Number         0  dfixi.o ABSOLUTE
    ../fplib/microlib/fpfix.c                0x00000000   Number         0  dfixul.o ABSOLUTE
    ../fplib/microlib/fpflt.c                0x00000000   Number         0  dfltui.o ABSOLUTE
    ../fplib/microlib/fpmul.c                0x00000000   Number         0  fmul.o ABSOLUTE
    ../fplib/microlib/fpmul.c                0x00000000   Number         0  dmul.o ABSOLUTE
    RCS_ANSI.c                               0x00000000   Number         0  rcs_ansi.o ABSOLUTE
    RTE/Device/STM32F103C6/startup_stm32f10x_ld.s 0x00000000   Number         0  startup_stm32f10x_ld.o ABSOLUTE
    cdrcmple.s                               0x00000000   Number         0  cdrcmple.o ABSOLUTE
    dc.s                                     0x00000000   Number         0  dc.o ABSOLUTE
    drive_key.c                              0x00000000   Number         0  drive_key.o ABSOLUTE
    drive_led.c                              0x00000000   Number         0  drive_led.o ABSOLUTE
    drive_servo.c                            0x00000000   Number         0  drive_servo.o ABSOLUTE
    handlers.s                               0x00000000   Number         0  handlers.o ABSOLUTE
    init.s                                   0x00000000   Number         0  init.o ABSOLUTE
    main.c                                   0x00000000   Number         0  main.o ABSOLUTE
    misc.c                                   0x00000000   Number         0  misc.o ABSOLUTE
    stm32f10x_exti.c                         0x00000000   Number         0  stm32f10x_exti.o ABSOLUTE
    stm32f10x_gpio.c                         0x00000000   Number         0  stm32f10x_gpio.o ABSOLUTE
    stm32f10x_rcc.c                          0x00000000   Number         0  stm32f10x_rcc.o ABSOLUTE
    stm32f10x_tim.c                          0x00000000   Number         0  stm32f10x_tim.o ABSOLUTE
    stm32f10x_usart.c                        0x00000000   Number         0  stm32f10x_usart.o ABSOLUTE
    system_stm32f10x.c                       0x00000000   Number         0  system_stm32f10x.o ABSOLUTE
    utility_bit.c                            0x00000000   Number         0  utility_bit.o ABSOLUTE
    utility_delay.c                          0x00000000   Number         0  utility_delay.o ABSOLUTE
    utility_error.c                          0x00000000   Number         0  utility_error.o ABSOLUTE
    utility_exit.c                           0x00000000   Number         0  utility_exit.o ABSOLUTE
    utility_gpio.c                           0x00000000   Number         0  utility_gpio.o ABSOLUTE
    utility_linked_list.c                    0x00000000   Number         0  utility_linked_list.o ABSOLUTE
    utility_queue.c                          0x00000000   Number         0  utility_queue.o ABSOLUTE
    utility_stack.c                          0x00000000   Number         0  utility_stack.o ABSOLUTE
    utility_tim.c                            0x00000000   Number         0  utility_tim.o ABSOLUTE
    utility_usart.c                          0x00000000   Number         0  utility_usart.o ABSOLUTE
    RESET                                    0x08000000   Section      236  startup_stm32f10x_ld.o(RESET)
    .ARM.Collect$$$$00000000                 0x080000ec   Section        0  entry.o(.ARM.Collect$$$$00000000)
    .ARM.Collect$$$$00000001                 0x080000ec   Section        4  entry2.o(.ARM.Collect$$$$00000001)
    .ARM.Collect$$$$00000004                 0x080000f0   Section        4  entry5.o(.ARM.Collect$$$$00000004)
    .ARM.Collect$$$$00000008                 0x080000f4   Section        0  entry7b.o(.ARM.Collect$$$$00000008)
    .ARM.Collect$$$$0000000A                 0x080000f4   Section        0  entry8b.o(.ARM.Collect$$$$0000000A)
    .ARM.Collect$$$$0000000B                 0x080000f4   Section        8  entry9a.o(.ARM.Collect$$$$0000000B)
    __lit__00000000                          0x080000fc   Data           4  entry2.o(.ARM.Collect$$$$00002712)
    .ARM.Collect$$$$0000000D                 0x080000fc   Section        0  entry10a.o(.ARM.Collect$$$$0000000D)
    .ARM.Collect$$$$0000000F                 0x080000fc   Section        0  entry11a.o(.ARM.Collect$$$$0000000F)
    .ARM.Collect$$$$00002712                 0x080000fc   Section        4  entry2.o(.ARM.Collect$$$$00002712)
    .text                                    0x08000100   Section       36  startup_stm32f10x_ld.o(.text)
    .text                                    0x08000124   Section        0  memcpya.o(.text)
    .text                                    0x08000148   Section       48  init.o(.text)
    [Anonymous Symbol]                       0x08000178   Section        0  utility_delay.o(.text.Delay_ms)
    [Anonymous Symbol]                       0x080001b8   Section        0  drive_key.o(.text.Drv_Key_Init)
    [Anonymous Symbol]                       0x080001dc   Section        0  drive_led.o(.text.Drv_LED_Init)
    [Anonymous Symbol]                       0x080001e8   Section        0  drive_led.o(.text.Drv_LED_Toggle)
    [Anonymous Symbol]                       0x080001f4   Section        0  stm32f10x_gpio.o(.text.GPIO_Init)
    [Anonymous Symbol]                       0x080002b4   Section        0  stm32f10x_gpio.o(.text.GPIO_ReadInputDataBit)
    [Anonymous Symbol]                       0x080002c0   Section        0  stm32f10x_gpio.o(.text.GPIO_ResetBits)
    [Anonymous Symbol]                       0x080002c4   Section        0  stm32f10x_gpio.o(.text.GPIO_SetBits)
    [Anonymous Symbol]                       0x080002c8   Section        0  misc.o(.text.NVIC_Init)
    [Anonymous Symbol]                       0x08000328   Section        0  misc.o(.text.NVIC_PriorityGroupConfig)
    [Anonymous Symbol]                       0x0800033c   Section        0  utility_usart.o(.text.Protocol_Rcv)
    [Anonymous Symbol]                       0x080003fc   Section        0  utility_queue.o(.text.Queue_Dequeue)
    [Anonymous Symbol]                       0x08000434   Section        0  utility_queue.o(.text.Queue_Enqueue)
    [Anonymous Symbol]                       0x0800046c   Section        0  utility_queue.o(.text.Queue_Init)
    [Anonymous Symbol]                       0x0800047c   Section        0  stm32f10x_rcc.o(.text.RCC_APB1PeriphClockCmd)
    [Anonymous Symbol]                       0x08000494   Section        0  stm32f10x_rcc.o(.text.RCC_APB2PeriphClockCmd)
    [Anonymous Symbol]                       0x080004ac   Section        0  stm32f10x_rcc.o(.text.RCC_GetClocksFreq)
    [Anonymous Symbol]                       0x08000538   Section        0  utility_usart.o(.text.Serial_GetRxFlag)
    [Anonymous Symbol]                       0x08000550   Section        0  utility_usart.o(.text.Serial_Init)
    [Anonymous Symbol]                       0x080005e4   Section        0  utility_usart.o(.text.Serial_SendArray)
    [Anonymous Symbol]                       0x08000620   Section        0  system_stm32f10x.o(.text.SystemInit)
    [Anonymous Symbol]                       0x08000730   Section        0  main.o(.text.TIM2_IRQHandler)
    [Anonymous Symbol]                       0x0800076c   Section        0  stm32f10x_tim.o(.text.TIM_ClearITPendingBit)
    [Anonymous Symbol]                       0x08000774   Section        0  stm32f10x_tim.o(.text.TIM_Cmd)
    [Anonymous Symbol]                       0x08000788   Section        0  stm32f10x_tim.o(.text.TIM_GetITStatus)
    [Anonymous Symbol]                       0x080007a0   Section        0  stm32f10x_tim.o(.text.TIM_ITConfig)
    [Anonymous Symbol]                       0x080007b0   Section        0  utility_tim.o(.text.TIM_Init)
    [Anonymous Symbol]                       0x080007fc   Section        0  utility_tim.o(.text.TIM_NVIC_Init)
    [Anonymous Symbol]                       0x08000814   Section        0  stm32f10x_tim.o(.text.TIM_SetAutoreload)
    [Anonymous Symbol]                       0x08000818   Section        0  stm32f10x_tim.o(.text.TIM_TimeBaseInit)
    [Anonymous Symbol]                       0x080008c4   Section        0  main.o(.text.USART1_IRQHandler)
    [Anonymous Symbol]                       0x08000914   Section        0  stm32f10x_usart.o(.text.USART_ClearITPendingBit)
    [Anonymous Symbol]                       0x08000924   Section        0  stm32f10x_usart.o(.text.USART_Cmd)
    [Anonymous Symbol]                       0x08000938   Section        0  stm32f10x_usart.o(.text.USART_GetFlagStatus)
    [Anonymous Symbol]                       0x08000944   Section        0  stm32f10x_usart.o(.text.USART_GetITStatus)
    [Anonymous Symbol]                       0x08000974   Section        0  stm32f10x_usart.o(.text.USART_ITConfig)
    [Anonymous Symbol]                       0x080009a4   Section        0  stm32f10x_usart.o(.text.USART_Init)
    [Anonymous Symbol]                       0x08000a5c   Section        0  stm32f10x_usart.o(.text.USART_ReceiveData)
    [Anonymous Symbol]                       0x08000a64   Section        0  stm32f10x_usart.o(.text.USART_SendData)
    [Anonymous Symbol]                       0x08000a6c   Section        0  utility_gpio.o(.text.Util_GPIO_Create)
    [Anonymous Symbol]                       0x08000b58   Section        0  utility_gpio.o(.text.Util_GPIO_Toggle)
    [Anonymous Symbol]                       0x08000b7c   Section        0  utility_usart.o(.text.Vofa_Wave_Print)
    [Anonymous Symbol]                       0x08000bb4   Section        0  main.o(.text.main)
    i.__scatterload_copy                     0x08000cdc   Section       14  handlers.o(i.__scatterload_copy)
    i.__scatterload_null                     0x08000cea   Section        2  handlers.o(i.__scatterload_null)
    i.__scatterload_zeroinit                 0x08000cec   Section       14  handlers.o(i.__scatterload_zeroinit)
    .Lswitch.table.Util_GPIO_Send_Square.4   0x08000cfc   Data          28  utility_gpio.o(.rodata..Lswitch.table.Util_GPIO_Send_Square.4)
    ADCPrescTable                            0x08000d18   Data           4  stm32f10x_rcc.o(.rodata.ADCPrescTable)
    [Anonymous Symbol]                       0x08000d18   Section        0  stm32f10x_rcc.o(.rodata.ADCPrescTable)
    APBAHBPrescTable                         0x08000d1c   Data          16  stm32f10x_rcc.o(.rodata.APBAHBPrescTable)
    [Anonymous Symbol]                       0x08000d1c   Section        0  stm32f10x_rcc.o(.rodata.APBAHBPrescTable)
    Protocol_Rcv.checksum                    0x20000040   Data           1  utility_usart.o(.bss.Protocol_Rcv.checksum)
    [Anonymous Symbol]                       0x20000040   Section        0  utility_usart.o(.bss.Protocol_Rcv.checksum)
    Protocol_Rcv.dataIndex                   0x20000041   Data           1  utility_usart.o(.bss.Protocol_Rcv.dataIndex)
    [Anonymous Symbol]                       0x20000041   Section        0  utility_usart.o(.bss.Protocol_Rcv.dataIndex)
    Protocol_Rcv.length                      0x20000042   Data           1  utility_usart.o(.bss.Protocol_Rcv.length)
    [Anonymous Symbol]                       0x20000042   Section        0  utility_usart.o(.bss.Protocol_Rcv.length)
    Protocol_Rcv.state                       0x20000043   Data           1  utility_usart.o(.bss.Protocol_Rcv.state)
    [Anonymous Symbol]                       0x20000043   Section        0  utility_usart.o(.bss.Protocol_Rcv.state)
    STACK                                    0x200000f0   Section     1024  startup_stm32f10x_ld.o(STACK)

    Global Symbols

    Symbol Name                              Value     Ov Type        Size  Object(Section)

    BuildAttributes$$THM_ISAv4$P$D$K$B$S$PE$A:L22UL41UL21$X:L11$S22US41US21$IEEE1$IW$~IW$USESV6$~STKCKD$USESV7$~SHL$OTIME$ROPI$EBA8$MICROLIB$REQ8$PRES8$EABIv2 0x00000000   Number         0  anon$$obj.o ABSOLUTE
    _printf_a                                0x00000000   Number         0  printfstubs.o ABSOLUTE
    _printf_c                                0x00000000   Number         0  printfstubs.o ABSOLUTE
    _printf_charcount                        0x00000000   Number         0  printfstubs.o ABSOLUTE
    _printf_d                                0x00000000   Number         0  printfstubs.o ABSOLUTE
    _printf_e                                0x00000000   Number         0  printfstubs.o ABSOLUTE
    _printf_f                                0x00000000   Number         0  printfstubs.o ABSOLUTE
    _printf_flags                            0x00000000   Number         0  printfstubs.o ABSOLUTE
    _printf_fp_dec                           0x00000000   Number         0  printfstubs.o ABSOLUTE
    _printf_fp_hex                           0x00000000   Number         0  printfstubs.o ABSOLUTE
    _printf_g                                0x00000000   Number         0  printfstubs.o ABSOLUTE
    _printf_i                                0x00000000   Number         0  printfstubs.o ABSOLUTE
    _printf_int_dec                          0x00000000   Number         0  printfstubs.o ABSOLUTE
    _printf_l                                0x00000000   Number         0  printfstubs.o ABSOLUTE
    _printf_lc                               0x00000000   Number         0  printfstubs.o ABSOLUTE
    _printf_ll                               0x00000000   Number         0  printfstubs.o ABSOLUTE
    _printf_lld                              0x00000000   Number         0  printfstubs.o ABSOLUTE
    _printf_lli                              0x00000000   Number         0  printfstubs.o ABSOLUTE
    _printf_llo                              0x00000000   Number         0  printfstubs.o ABSOLUTE
    _printf_llu                              0x00000000   Number         0  printfstubs.o ABSOLUTE
    _printf_llx                              0x00000000   Number         0  printfstubs.o ABSOLUTE
    _printf_longlong_dec                     0x00000000   Number         0  printfstubs.o ABSOLUTE
    _printf_longlong_hex                     0x00000000   Number         0  printfstubs.o ABSOLUTE
    _printf_longlong_oct                     0x00000000   Number         0  printfstubs.o ABSOLUTE
    _printf_ls                               0x00000000   Number         0  printfstubs.o ABSOLUTE
    _printf_mbtowc                           0x00000000   Number         0  printfstubs.o ABSOLUTE
    _printf_n                                0x00000000   Number         0  printfstubs.o ABSOLUTE
    _printf_o                                0x00000000   Number         0  printfstubs.o ABSOLUTE
    _printf_p                                0x00000000   Number         0  printfstubs.o ABSOLUTE
    _printf_percent                          0x00000000   Number         0  printfstubs.o ABSOLUTE
    _printf_pre_padding                      0x00000000   Number         0  printfstubs.o ABSOLUTE
    _printf_return_value                     0x00000000   Number         0  printfstubs.o ABSOLUTE
    _printf_s                                0x00000000   Number         0  printfstubs.o ABSOLUTE
    _printf_sizespec                         0x00000000   Number         0  printfstubs.o ABSOLUTE
    _printf_str                              0x00000000   Number         0  printfstubs.o ABSOLUTE
    _printf_truncate_signed                  0x00000000   Number         0  printfstubs.o ABSOLUTE
    _printf_truncate_unsigned                0x00000000   Number         0  printfstubs.o ABSOLUTE
    _printf_u                                0x00000000   Number         0  printfstubs.o ABSOLUTE
    _printf_wc                               0x00000000   Number         0  printfstubs.o ABSOLUTE
    _printf_wctomb                           0x00000000   Number         0  printfstubs.o ABSOLUTE
    _printf_widthprec                        0x00000000   Number         0  printfstubs.o ABSOLUTE
    _printf_x                                0x00000000   Number         0  printfstubs.o ABSOLUTE
    __cpp_initialize__aeabi_                  - Undefined Weak Reference
    __cxa_finalize                            - Undefined Weak Reference
    __decompress                              - Undefined Weak Reference
    _clock_init                               - Undefined Weak Reference
    _microlib_exit                            - Undefined Weak Reference
    __Vectors_Size                           0x000000ec   Number         0  startup_stm32f10x_ld.o ABSOLUTE
    __Vectors                                0x08000000   Data           4  startup_stm32f10x_ld.o(RESET)
    __Vectors_End                            0x080000ec   Data           0  startup_stm32f10x_ld.o(RESET)
    __main                                   0x080000ed   Thumb Code     0  entry.o(.ARM.Collect$$$$00000000)
    _main_stk                                0x080000ed   Thumb Code     0  entry2.o(.ARM.Collect$$$$00000001)
    _main_scatterload                        0x080000f1   Thumb Code     0  entry5.o(.ARM.Collect$$$$00000004)
    __main_after_scatterload                 0x080000f5   Thumb Code     0  entry5.o(.ARM.Collect$$$$00000004)
    _main_clock                              0x080000f5   Thumb Code     0  entry7b.o(.ARM.Collect$$$$00000008)
    _main_cpp_init                           0x080000f5   Thumb Code     0  entry8b.o(.ARM.Collect$$$$0000000A)
    _main_init                               0x080000f5   Thumb Code     0  entry9a.o(.ARM.Collect$$$$0000000B)
    __rt_final_cpp                           0x080000fd   Thumb Code     0  entry10a.o(.ARM.Collect$$$$0000000D)
    __rt_final_exit                          0x080000fd   Thumb Code     0  entry11a.o(.ARM.Collect$$$$0000000F)
    Reset_Handler                            0x08000101   Thumb Code     8  startup_stm32f10x_ld.o(.text)
    NMI_Handler                              0x08000109   Thumb Code     2  startup_stm32f10x_ld.o(.text)
    HardFault_Handler                        0x0800010b   Thumb Code     2  startup_stm32f10x_ld.o(.text)
    MemManage_Handler                        0x0800010d   Thumb Code     2  startup_stm32f10x_ld.o(.text)
    BusFault_Handler                         0x0800010f   Thumb Code     2  startup_stm32f10x_ld.o(.text)
    UsageFault_Handler                       0x08000111   Thumb Code     2  startup_stm32f10x_ld.o(.text)
    SVC_Handler                              0x08000113   Thumb Code     2  startup_stm32f10x_ld.o(.text)
    DebugMon_Handler                         0x08000115   Thumb Code     2  startup_stm32f10x_ld.o(.text)
    PendSV_Handler                           0x08000117   Thumb Code     2  startup_stm32f10x_ld.o(.text)
    SysTick_Handler                          0x08000119   Thumb Code     2  startup_stm32f10x_ld.o(.text)
    ADC1_2_IRQHandler                        0x0800011b   Thumb Code     0  startup_stm32f10x_ld.o(.text)
    CAN1_RX1_IRQHandler                      0x0800011b   Thumb Code     0  startup_stm32f10x_ld.o(.text)
    CAN1_SCE_IRQHandler                      0x0800011b   Thumb Code     0  startup_stm32f10x_ld.o(.text)
    DMA1_Channel1_IRQHandler                 0x0800011b   Thumb Code     0  startup_stm32f10x_ld.o(.text)
    DMA1_Channel2_IRQHandler                 0x0800011b   Thumb Code     0  startup_stm32f10x_ld.o(.text)
    DMA1_Channel3_IRQHandler                 0x0800011b   Thumb Code     0  startup_stm32f10x_ld.o(.text)
    DMA1_Channel4_IRQHandler                 0x0800011b   Thumb Code     0  startup_stm32f10x_ld.o(.text)
    DMA1_Channel5_IRQHandler                 0x0800011b   Thumb Code     0  startup_stm32f10x_ld.o(.text)
    DMA1_Channel6_IRQHandler                 0x0800011b   Thumb Code     0  startup_stm32f10x_ld.o(.text)
    DMA1_Channel7_IRQHandler                 0x0800011b   Thumb Code     0  startup_stm32f10x_ld.o(.text)
    EXTI0_IRQHandler                         0x0800011b   Thumb Code     0  startup_stm32f10x_ld.o(.text)
    EXTI15_10_IRQHandler                     0x0800011b   Thumb Code     0  startup_stm32f10x_ld.o(.text)
    EXTI1_IRQHandler                         0x0800011b   Thumb Code     0  startup_stm32f10x_ld.o(.text)
    EXTI2_IRQHandler                         0x0800011b   Thumb Code     0  startup_stm32f10x_ld.o(.text)
    EXTI3_IRQHandler                         0x0800011b   Thumb Code     0  startup_stm32f10x_ld.o(.text)
    EXTI4_IRQHandler                         0x0800011b   Thumb Code     0  startup_stm32f10x_ld.o(.text)
    EXTI9_5_IRQHandler                       0x0800011b   Thumb Code     0  startup_stm32f10x_ld.o(.text)
    FLASH_IRQHandler                         0x0800011b   Thumb Code     0  startup_stm32f10x_ld.o(.text)
    I2C1_ER_IRQHandler                       0x0800011b   Thumb Code     0  startup_stm32f10x_ld.o(.text)
    I2C1_EV_IRQHandler                       0x0800011b   Thumb Code     0  startup_stm32f10x_ld.o(.text)
    PVD_IRQHandler                           0x0800011b   Thumb Code     0  startup_stm32f10x_ld.o(.text)
    RCC_IRQHandler                           0x0800011b   Thumb Code     0  startup_stm32f10x_ld.o(.text)
    RTCAlarm_IRQHandler                      0x0800011b   Thumb Code     0  startup_stm32f10x_ld.o(.text)
    RTC_IRQHandler                           0x0800011b   Thumb Code     0  startup_stm32f10x_ld.o(.text)
    SPI1_IRQHandler                          0x0800011b   Thumb Code     0  startup_stm32f10x_ld.o(.text)
    TAMPER_IRQHandler                        0x0800011b   Thumb Code     0  startup_stm32f10x_ld.o(.text)
    TIM1_BRK_IRQHandler                      0x0800011b   Thumb Code     0  startup_stm32f10x_ld.o(.text)
    TIM1_CC_IRQHandler                       0x0800011b   Thumb Code     0  startup_stm32f10x_ld.o(.text)
    TIM1_TRG_COM_IRQHandler                  0x0800011b   Thumb Code     0  startup_stm32f10x_ld.o(.text)
    TIM1_UP_IRQHandler                       0x0800011b   Thumb Code     0  startup_stm32f10x_ld.o(.text)
    TIM3_IRQHandler                          0x0800011b   Thumb Code     0  startup_stm32f10x_ld.o(.text)
    USART2_IRQHandler                        0x0800011b   Thumb Code     0  startup_stm32f10x_ld.o(.text)
    USBWakeUp_IRQHandler                     0x0800011b   Thumb Code     0  startup_stm32f10x_ld.o(.text)
    USB_HP_CAN1_TX_IRQHandler                0x0800011b   Thumb Code     0  startup_stm32f10x_ld.o(.text)
    USB_LP_CAN1_RX0_IRQHandler               0x0800011b   Thumb Code     0  startup_stm32f10x_ld.o(.text)
    WWDG_IRQHandler                          0x0800011b   Thumb Code     0  startup_stm32f10x_ld.o(.text)
    __aeabi_memcpy                           0x08000125   Thumb Code    36  memcpya.o(.text)
    __aeabi_memcpy4                          0x08000125   Thumb Code     0  memcpya.o(.text)
    __aeabi_memcpy8                          0x08000125   Thumb Code     0  memcpya.o(.text)
    __scatterload                            0x08000149   Thumb Code    38  init.o(.text)
    __scatterload_rt2                        0x08000149   Thumb Code     0  init.o(.text)
    Delay_ms                                 0x08000179   Thumb Code    62  utility_delay.o(.text.Delay_ms)
    Drv_Key_Init                             0x080001b9   Thumb Code    34  drive_key.o(.text.Drv_Key_Init)
    Drv_LED_Init                             0x080001dd   Thumb Code    12  drive_led.o(.text.Drv_LED_Init)
    Drv_LED_Toggle                           0x080001e9   Thumb Code    10  drive_led.o(.text.Drv_LED_Toggle)
    GPIO_Init                                0x080001f5   Thumb Code   192  stm32f10x_gpio.o(.text.GPIO_Init)
    GPIO_ReadInputDataBit                    0x080002b5   Thumb Code    10  stm32f10x_gpio.o(.text.GPIO_ReadInputDataBit)
    GPIO_ResetBits                           0x080002c1   Thumb Code     4  stm32f10x_gpio.o(.text.GPIO_ResetBits)
    GPIO_SetBits                             0x080002c5   Thumb Code     4  stm32f10x_gpio.o(.text.GPIO_SetBits)
    NVIC_Init                                0x080002c9   Thumb Code    94  misc.o(.text.NVIC_Init)
    NVIC_PriorityGroupConfig                 0x08000329   Thumb Code    20  misc.o(.text.NVIC_PriorityGroupConfig)
    Protocol_Rcv                             0x0800033d   Thumb Code   192  utility_usart.o(.text.Protocol_Rcv)
    Queue_Dequeue                            0x080003fd   Thumb Code    56  utility_queue.o(.text.Queue_Dequeue)
    Queue_Enqueue                            0x08000435   Thumb Code    56  utility_queue.o(.text.Queue_Enqueue)
    Queue_Init                               0x0800046d   Thumb Code    14  utility_queue.o(.text.Queue_Init)
    RCC_APB1PeriphClockCmd                   0x0800047d   Thumb Code    24  stm32f10x_rcc.o(.text.RCC_APB1PeriphClockCmd)
    RCC_APB2PeriphClockCmd                   0x08000495   Thumb Code    24  stm32f10x_rcc.o(.text.RCC_APB2PeriphClockCmd)
    RCC_GetClocksFreq                        0x080004ad   Thumb Code   140  stm32f10x_rcc.o(.text.RCC_GetClocksFreq)
    Serial_GetRxFlag                         0x08000539   Thumb Code    24  utility_usart.o(.text.Serial_GetRxFlag)
    Serial_Init                              0x08000551   Thumb Code   146  utility_usart.o(.text.Serial_Init)
    Serial_SendArray                         0x080005e5   Thumb Code    58  utility_usart.o(.text.Serial_SendArray)
    SystemInit                               0x08000621   Thumb Code   272  system_stm32f10x.o(.text.SystemInit)
    TIM2_IRQHandler                          0x08000731   Thumb Code    58  main.o(.text.TIM2_IRQHandler)
    TIM_ClearITPendingBit                    0x0800076d   Thumb Code     6  stm32f10x_tim.o(.text.TIM_ClearITPendingBit)
    TIM_Cmd                                  0x08000775   Thumb Code    18  stm32f10x_tim.o(.text.TIM_Cmd)
    TIM_GetITStatus                          0x08000789   Thumb Code    24  stm32f10x_tim.o(.text.TIM_GetITStatus)
    TIM_ITConfig                             0x080007a1   Thumb Code    16  stm32f10x_tim.o(.text.TIM_ITConfig)
    TIM_Init                                 0x080007b1   Thumb Code    76  utility_tim.o(.text.TIM_Init)
    TIM_NVIC_Init                            0x080007fd   Thumb Code    24  utility_tim.o(.text.TIM_NVIC_Init)
    TIM_SetAutoreload                        0x08000815   Thumb Code     4  stm32f10x_tim.o(.text.TIM_SetAutoreload)
    TIM_TimeBaseInit                         0x08000819   Thumb Code   172  stm32f10x_tim.o(.text.TIM_TimeBaseInit)
    USART1_IRQHandler                        0x080008c5   Thumb Code    80  main.o(.text.USART1_IRQHandler)
    USART_ClearITPendingBit                  0x08000915   Thumb Code    14  stm32f10x_usart.o(.text.USART_ClearITPendingBit)
    USART_Cmd                                0x08000925   Thumb Code    20  stm32f10x_usart.o(.text.USART_Cmd)
    USART_GetFlagStatus                      0x08000939   Thumb Code    10  stm32f10x_usart.o(.text.USART_GetFlagStatus)
    USART_GetITStatus                        0x08000945   Thumb Code    48  stm32f10x_usart.o(.text.USART_GetITStatus)
    USART_ITConfig                           0x08000975   Thumb Code    46  stm32f10x_usart.o(.text.USART_ITConfig)
    USART_Init                               0x080009a5   Thumb Code   182  stm32f10x_usart.o(.text.USART_Init)
    USART_ReceiveData                        0x08000a5d   Thumb Code     8  stm32f10x_usart.o(.text.USART_ReceiveData)
    USART_SendData                           0x08000a65   Thumb Code     8  stm32f10x_usart.o(.text.USART_SendData)
    Util_GPIO_Create                         0x08000a6d   Thumb Code   236  utility_gpio.o(.text.Util_GPIO_Create)
    Util_GPIO_Toggle                         0x08000b59   Thumb Code    36  utility_gpio.o(.text.Util_GPIO_Toggle)
    Vofa_Wave_Print                          0x08000b7d   Thumb Code    54  utility_usart.o(.text.Vofa_Wave_Print)
    main                                     0x08000bb5   Thumb Code   296  main.o(.text.main)
    __scatterload_copy                       0x08000cdd   Thumb Code    14  handlers.o(i.__scatterload_copy)
    __scatterload_null                       0x08000ceb   Thumb Code     2  handlers.o(i.__scatterload_null)
    __scatterload_zeroinit                   0x08000ced   Thumb Code    14  handlers.o(i.__scatterload_zeroinit)
    Region$$Table$$Base                      0x08000d2c   Number         0  anon$$obj.o(Region$$Table)
    Region$$Table$$Limit                     0x08000d4c   Number         0  anon$$obj.o(Region$$Table)
    data                                     0x20000000   Data          16  main.o(.data.data)
    tail                                     0x20000010   Data           4  main.o(.data.tail)
    KEY_PA4                                  0x20000018   Data          12  main.o(.bss.KEY_PA4)
    KEY_PA5                                  0x20000024   Data          12  main.o(.bss.KEY_PA5)
    LED_PB15                                 0x20000030   Data           8  main.o(.bss.LED_PB15)
    LED_PB6                                  0x20000038   Data           8  main.o(.bss.LED_PB6)
    Serial_RxData                            0x20000044   Data           1  utility_usart.o(.bss.Serial_RxData)
    Serial_RxFlag                            0x20000045   Data           1  utility_usart.o(.bss.Serial_RxFlag)
    element                                  0x20000046   Data           1  main.o(.bss.element)
    led_freq_change                          0x20000047   Data          10  main.o(.bss.led_freq_change)
    len                                      0x20000051   Data           1  main.o(.bss.len)
    tim2                                     0x20000052   Data           2  main.o(.bss.tim2)
    uartBuffer                               0x20000054   Data         128  main.o(.bss.uartBuffer)
    uartQueue                                0x200000d4   Data          24  main.o(.bss.uartQueue)
    __initial_sp                             0x200004f0   Data           0  startup_stm32f10x_ld.o(STACK)



==============================================================================

Memory Map of the image

  Image Entry point : 0x080000ed

  Load Region LR_IROM1 (Base: 0x08000000, Size: 0x00000d68, Max: 0x00008000, ABSOLUTE)

    Execution Region ER_IROM1 (Exec base: 0x08000000, Load base: 0x08000000, Size: 0x00000d4c, Max: 0x00008000, ABSOLUTE)

    Exec Addr    Load Addr    Size         Type   Attr      Idx    E Section Name        Object

    0x08000000   0x08000000   0x000000ec   Data   RO          297    RESET               startup_stm32f10x_ld.o
    0x080000ec   0x080000ec   0x00000000   Code   RO          727  * .ARM.Collect$$$$00000000  mc_w.l(entry.o)
    0x080000ec   0x080000ec   0x00000004   Code   RO         1019    .ARM.Collect$$$$00000001  mc_w.l(entry2.o)
    0x080000f0   0x080000f0   0x00000004   Code   RO         1022    .ARM.Collect$$$$00000004  mc_w.l(entry5.o)
    0x080000f4   0x080000f4   0x00000000   Code   RO         1024    .ARM.Collect$$$$00000008  mc_w.l(entry7b.o)
    0x080000f4   0x080000f4   0x00000000   Code   RO         1026    .ARM.Collect$$$$0000000A  mc_w.l(entry8b.o)
    0x080000f4   0x080000f4   0x00000008   Code   RO         1027    .ARM.Collect$$$$0000000B  mc_w.l(entry9a.o)
    0x080000fc   0x080000fc   0x00000000   Code   RO         1029    .ARM.Collect$$$$0000000D  mc_w.l(entry10a.o)
    0x080000fc   0x080000fc   0x00000000   Code   RO         1031    .ARM.Collect$$$$0000000F  mc_w.l(entry11a.o)
    0x080000fc   0x080000fc   0x00000004   Code   RO         1020    .ARM.Collect$$$$00002712  mc_w.l(entry2.o)
    0x08000100   0x08000100   0x00000024   Code   RO          298    .text               startup_stm32f10x_ld.o
    0x08000124   0x08000124   0x00000024   Code   RO          736    .text               mc_w.l(memcpya.o)
    0x08000148   0x08000148   0x00000030   Code   RO         1064    .text               mc_w.l(init.o)
    0x08000178   0x08000178   0x0000003e   Code   RO           77    .text.Delay_ms      utility_delay.o
    0x080001b6   0x080001b6   0x00000002   PAD
    0x080001b8   0x080001b8   0x00000022   Code   RO           33    .text.Drv_Key_Init  drive_key.o
    0x080001da   0x080001da   0x00000002   PAD
    0x080001dc   0x080001dc   0x0000000c   Code   RO           47    .text.Drv_LED_Init  drive_led.o
    0x080001e8   0x080001e8   0x0000000a   Code   RO           51    .text.Drv_LED_Toggle  drive_led.o
    0x080001f2   0x080001f2   0x00000002   PAD
    0x080001f4   0x080001f4   0x000000c0   Code   RO          365    .text.GPIO_Init     stm32f10x_gpio.o
    0x080002b4   0x080002b4   0x0000000a   Code   RO          369    .text.GPIO_ReadInputDataBit  stm32f10x_gpio.o
    0x080002be   0x080002be   0x00000002   PAD
    0x080002c0   0x080002c0   0x00000004   Code   RO          379    .text.GPIO_ResetBits  stm32f10x_gpio.o
    0x080002c4   0x080002c4   0x00000004   Code   RO          377    .text.GPIO_SetBits  stm32f10x_gpio.o
    0x080002c8   0x080002c8   0x0000005e   Code   RO          321    .text.NVIC_Init     misc.o
    0x08000326   0x08000326   0x00000002   PAD
    0x08000328   0x08000328   0x00000014   Code   RO          319    .text.NVIC_PriorityGroupConfig  misc.o
    0x0800033c   0x0800033c   0x000000c0   Code   RO          166    .text.Protocol_Rcv  utility_usart.o
    0x080003fc   0x080003fc   0x00000038   Code   RO          234    .text.Queue_Dequeue  utility_queue.o
    0x08000434   0x08000434   0x00000038   Code   RO          232    .text.Queue_Enqueue  utility_queue.o
    0x0800046c   0x0800046c   0x0000000e   Code   RO          230    .text.Queue_Init    utility_queue.o
    0x0800047a   0x0800047a   0x00000002   PAD
    0x0800047c   0x0800047c   0x00000018   Code   RO          452    .text.RCC_APB1PeriphClockCmd  stm32f10x_rcc.o
    0x08000494   0x08000494   0x00000018   Code   RO          450    .text.RCC_APB2PeriphClockCmd  stm32f10x_rcc.o
    0x080004ac   0x080004ac   0x0000008c   Code   RO          446    .text.RCC_GetClocksFreq  stm32f10x_rcc.o
    0x08000538   0x08000538   0x00000018   Code   RO          156    .text.Serial_GetRxFlag  utility_usart.o
    0x08000550   0x08000550   0x00000092   Code   RO          140    .text.Serial_Init   utility_usart.o
    0x080005e2   0x080005e2   0x00000002   PAD
    0x080005e4   0x080005e4   0x0000003a   Code   RO          144    .text.Serial_SendArray  utility_usart.o
    0x0800061e   0x0800061e   0x00000002   PAD
    0x08000620   0x08000620   0x00000110   Code   RO          305    .text.SystemInit    system_stm32f10x.o
    0x08000730   0x08000730   0x0000003a   Code   RO            6    .text.TIM2_IRQHandler  main.o
    0x0800076a   0x0800076a   0x00000002   PAD
    0x0800076c   0x0800076c   0x00000006   Code   RO          652    .text.TIM_ClearITPendingBit  stm32f10x_tim.o
    0x08000772   0x08000772   0x00000002   PAD
    0x08000774   0x08000774   0x00000012   Code   RO          514    .text.TIM_Cmd       stm32f10x_tim.o
    0x08000786   0x08000786   0x00000002   PAD
    0x08000788   0x08000788   0x00000018   Code   RO          650    .text.TIM_GetITStatus  stm32f10x_tim.o
    0x080007a0   0x080007a0   0x00000010   Code   RO          518    .text.TIM_ITConfig  stm32f10x_tim.o
    0x080007b0   0x080007b0   0x0000004c   Code   RO          128    .text.TIM_Init      utility_tim.o
    0x080007fc   0x080007fc   0x00000018   Code   RO          130    .text.TIM_NVIC_Init  utility_tim.o
    0x08000814   0x08000814   0x00000004   Code   RO          622    .text.TIM_SetAutoreload  stm32f10x_tim.o
    0x08000818   0x08000818   0x000000ac   Code   RO          482    .text.TIM_TimeBaseInit  stm32f10x_tim.o
    0x080008c4   0x080008c4   0x00000050   Code   RO            4    .text.USART1_IRQHandler  main.o
    0x08000914   0x08000914   0x0000000e   Code   RO          718    .text.USART_ClearITPendingBit  stm32f10x_usart.o
    0x08000922   0x08000922   0x00000002   PAD
    0x08000924   0x08000924   0x00000014   Code   RO          672    .text.USART_Cmd     stm32f10x_usart.o
    0x08000938   0x08000938   0x0000000a   Code   RO          712    .text.USART_GetFlagStatus  stm32f10x_usart.o
    0x08000942   0x08000942   0x00000002   PAD
    0x08000944   0x08000944   0x00000030   Code   RO          716    .text.USART_GetITStatus  stm32f10x_usart.o
    0x08000974   0x08000974   0x0000002e   Code   RO          674    .text.USART_ITConfig  stm32f10x_usart.o
    0x080009a2   0x080009a2   0x00000002   PAD
    0x080009a4   0x080009a4   0x000000b6   Code   RO          664    .text.USART_Init    stm32f10x_usart.o
    0x08000a5a   0x08000a5a   0x00000002   PAD
    0x08000a5c   0x08000a5c   0x00000008   Code   RO          690    .text.USART_ReceiveData  stm32f10x_usart.o
    0x08000a64   0x08000a64   0x00000008   Code   RO          688    .text.USART_SendData  stm32f10x_usart.o
    0x08000a6c   0x08000a6c   0x000000ec   Code   RO          109    .text.Util_GPIO_Create  utility_gpio.o
    0x08000b58   0x08000b58   0x00000024   Code   RO          115    .text.Util_GPIO_Toggle  utility_gpio.o
    0x08000b7c   0x08000b7c   0x00000036   Code   RO          170    .text.Vofa_Wave_Print  utility_usart.o
    0x08000bb2   0x08000bb2   0x00000002   PAD
    0x08000bb4   0x08000bb4   0x00000128   Code   RO            2    .text.main          main.o
    0x08000cdc   0x08000cdc   0x0000000e   Code   RO         1068    i.__scatterload_copy  mc_w.l(handlers.o)
    0x08000cea   0x08000cea   0x00000002   Code   RO         1069    i.__scatterload_null  mc_w.l(handlers.o)
    0x08000cec   0x08000cec   0x0000000e   Code   RO         1070    i.__scatterload_zeroinit  mc_w.l(handlers.o)
    0x08000cfa   0x08000cfa   0x00000002   PAD
    0x08000cfc   0x08000cfc   0x0000001c   Data   RO          119    .rodata..Lswitch.table.Util_GPIO_Send_Square.4  utility_gpio.o
    0x08000d18   0x08000d18   0x00000004   Data   RO          471    .rodata.ADCPrescTable  stm32f10x_rcc.o
    0x08000d1c   0x08000d1c   0x00000010   Data   RO          470    .rodata.APBAHBPrescTable  stm32f10x_rcc.o
    0x08000d2c   0x08000d2c   0x00000020   Data   RO         1067    Region$$Table       anon$$obj.o


    Execution Region RW_IRAM1 (Exec base: 0x20000000, Load base: 0x08000d50, Size: 0x000004f0, Max: 0x00002800, ABSOLUTE)

    Exec Addr    Load Addr    Size         Type   Attr      Idx    E Section Name        Object

    0x20000000   0x08000d50   0x00000010   Data   RW           10    .data.data          main.o
    0x20000010   0x08000d60   0x00000004   Data   RW           11    .data.tail          main.o
    0x20000014   0x08000d64   0x00000004   PAD
    0x20000018        -       0x0000000c   Zero   RW           14    .bss.KEY_PA4        main.o
    0x20000024        -       0x0000000c   Zero   RW           15    .bss.KEY_PA5        main.o
    0x20000030        -       0x00000008   Zero   RW           13    .bss.LED_PB15       main.o
    0x20000038        -       0x00000008   Zero   RW           12    .bss.LED_PB6        main.o
    0x20000040        -       0x00000001   Zero   RW          177    .bss.Protocol_Rcv.checksum  utility_usart.o
    0x20000041        -       0x00000001   Zero   RW          176    .bss.Protocol_Rcv.dataIndex  utility_usart.o
    0x20000042        -       0x00000001   Zero   RW          175    .bss.Protocol_Rcv.length  utility_usart.o
    0x20000043        -       0x00000001   Zero   RW          174    .bss.Protocol_Rcv.state  utility_usart.o
    0x20000044        -       0x00000001   Zero   RW          173    .bss.Serial_RxData  utility_usart.o
    0x20000045        -       0x00000001   Zero   RW          172    .bss.Serial_RxFlag  utility_usart.o
    0x20000046        -       0x00000001   Zero   RW           18    .bss.element        main.o
    0x20000047        -       0x0000000a   Zero   RW           19    .bss.led_freq_change  main.o
    0x20000051        -       0x00000001   Zero   RW            9    .bss.len            main.o
    0x20000052        -       0x00000002   Zero   RW           20    .bss.tim2           main.o
    0x20000054        -       0x00000080   Zero   RW           17    .bss.uartBuffer     main.o
    0x200000d4        -       0x00000018   Zero   RW           16    .bss.uartQueue      main.o
    0x200000ec   0x08000d64   0x00000004   PAD
    0x200000f0        -       0x00000400   Zero   RW          295    STACK               startup_stm32f10x_ld.o


==============================================================================

Image component sizes


      Code (inc. data)   RO Data    RW Data    ZI Data      Debug   Object Name

        34          0          0          0          0       2069   drive_key.o
        22          0          0          0          0       2022   drive_led.o
       434          0          0         20        206       4016   main.o
       114          0          0          0          0       3596   misc.o
        36          8        236          0       1024        880   startup_stm32f10x_ld.o
       210          0          0          0          0       6115   stm32f10x_gpio.o
       188          0         20          0          0       8469   stm32f10x_rcc.o
       240          0          0          0          0      29151   stm32f10x_tim.o
       336          0          0          0          0       8843   stm32f10x_usart.o
       272          0          0          0          0       2849   system_stm32f10x.o
        62          0          0          0          0       1540   utility_delay.o
       272          4         28          0          0       4986   utility_gpio.o
       126          0          0          0          0       2818   utility_queue.o
       100          0          0          0          0       3501   utility_tim.o
       474          4          0          0          6      10177   utility_usart.o

    ----------------------------------------------------------------------
      2952         16        316         20       1244      91032   Object Totals
         0          0         32          0          0          0   (incl. Generated)
        32          0          0          0          8          0   (incl. Padding)

    ----------------------------------------------------------------------

      Code (inc. data)   RO Data    RW Data    ZI Data      Debug   Library Member Name

         0          0          0          0          0          0   entry.o
         0          0          0          0          0          0   entry10a.o
         0          0          0          0          0          0   entry11a.o
         8          4          0          0          0          0   entry2.o
         4          0          0          0          0          0   entry5.o
         0          0          0          0          0          0   entry7b.o
         0          0          0          0          0          0   entry8b.o
         8          4          0          0          0          0   entry9a.o
        30          0          0          0          0          0   handlers.o
        48         10          0          0          0         68   init.o
        36          0          0          0          0         68   memcpya.o

    ----------------------------------------------------------------------
       136         18          0          0          0        136   Library Totals
         2          0          0          0          0          0   (incl. Padding)

    ----------------------------------------------------------------------

      Code (inc. data)   RO Data    RW Data    ZI Data      Debug   Library Name

       134         18          0          0          0        136   mc_w.l

    ----------------------------------------------------------------------
       136         18          0          0          0        136   Library Totals

    ----------------------------------------------------------------------

==============================================================================


      Code (inc. data)   RO Data    RW Data    ZI Data      Debug   

      3088         34        316         20       1244      91060   Grand Totals
      3088         34        316         20       1244      91060   ELF Image Totals
      3088         34        316         20          0          0   ROM Totals

==============================================================================

    Total RO  Size (Code + RO Data)                 3404 (   3.32kB)
    Total RW  Size (RW Data + ZI Data)              1264 (   1.23kB)
    Total ROM Size (Code + RO Data + RW Data)       3424 (   3.34kB)

==============================================================================

